Archive member included to satisfy reference by file (symbol)

E:/Toolchain/arm-gnu-toolchain-13.3.rel1-mingw-w64-i686-arm-none-eabi/bin/../lib/gcc/arm-none-eabi/13.3.1/thumb/v7e-m/nofp\libgcc.a(_aeabi_uldivmod.o)
                              CMakeFiles/CLion_STM32_led.elf.dir/Drivers/STM32F4xx_HAL_Driver/Src/stm32f4xx_hal_rcc.c.obj (__aeabi_uldivmod)
E:/Toolchain/arm-gnu-toolchain-13.3.rel1-mingw-w64-i686-arm-none-eabi/bin/../lib/gcc/arm-none-eabi/13.3.1/thumb/v7e-m/nofp\libgcc.a(_udivmoddi4.o)
                              E:/Toolchain/arm-gnu-toolchain-13.3.rel1-mingw-w64-i686-arm-none-eabi/bin/../lib/gcc/arm-none-eabi/13.3.1/thumb/v7e-m/nofp\libgcc.a(_aeabi_uldivmod.o) (__udivmoddi4)
E:/Toolchain/arm-gnu-toolchain-13.3.rel1-mingw-w64-i686-arm-none-eabi/bin/../lib/gcc/arm-none-eabi/13.3.1/thumb/v7e-m/nofp\libgcc.a(_dvmd_tls.o)
                              E:/Toolchain/arm-gnu-toolchain-13.3.rel1-mingw-w64-i686-arm-none-eabi/bin/../lib/gcc/arm-none-eabi/13.3.1/thumb/v7e-m/nofp\libgcc.a(_aeabi_uldivmod.o) (__aeabi_ldiv0)
E:/Toolchain/arm-gnu-toolchain-13.3.rel1-mingw-w64-i686-arm-none-eabi/bin/../lib/gcc/arm-none-eabi/13.3.1/thumb/v7e-m/nofp\libg.a(libc_a-exit.o)
                              E:/Toolchain/arm-gnu-toolchain-13.3.rel1-mingw-w64-i686-arm-none-eabi/bin/../lib/gcc/arm-none-eabi/13.3.1/thumb/v7e-m/nofp/crt0.o (exit)
E:/Toolchain/arm-gnu-toolchain-13.3.rel1-mingw-w64-i686-arm-none-eabi/bin/../lib/gcc/arm-none-eabi/13.3.1/thumb/v7e-m/nofp\libg.a(libc_a-findfp.o)
                              E:/Toolchain/arm-gnu-toolchain-13.3.rel1-mingw-w64-i686-arm-none-eabi/bin/../lib/gcc/arm-none-eabi/13.3.1/thumb/v7e-m/nofp\libg.a(libc_a-exit.o) (__stdio_exit_handler)
E:/Toolchain/arm-gnu-toolchain-13.3.rel1-mingw-w64-i686-arm-none-eabi/bin/../lib/gcc/arm-none-eabi/13.3.1/thumb/v7e-m/nofp\libg.a(libc_a-fwalk.o)
                              E:/Toolchain/arm-gnu-toolchain-13.3.rel1-mingw-w64-i686-arm-none-eabi/bin/../lib/gcc/arm-none-eabi/13.3.1/thumb/v7e-m/nofp\libg.a(libc_a-findfp.o) (_fwalk_sglue)
E:/Toolchain/arm-gnu-toolchain-13.3.rel1-mingw-w64-i686-arm-none-eabi/bin/../lib/gcc/arm-none-eabi/13.3.1/thumb/v7e-m/nofp\libg.a(libc_a-printf.o)
                              CMakeFiles/CLion_STM32_led.elf.dir/Core/Src/main.c.obj (printf)
E:/Toolchain/arm-gnu-toolchain-13.3.rel1-mingw-w64-i686-arm-none-eabi/bin/../lib/gcc/arm-none-eabi/13.3.1/thumb/v7e-m/nofp\libg.a(libc_a-stdio.o)
                              E:/Toolchain/arm-gnu-toolchain-13.3.rel1-mingw-w64-i686-arm-none-eabi/bin/../lib/gcc/arm-none-eabi/13.3.1/thumb/v7e-m/nofp\libg.a(libc_a-findfp.o) (__sread)
E:/Toolchain/arm-gnu-toolchain-13.3.rel1-mingw-w64-i686-arm-none-eabi/bin/../lib/gcc/arm-none-eabi/13.3.1/thumb/v7e-m/nofp\libg.a(libc_a-memset.o)
                              E:/Toolchain/arm-gnu-toolchain-13.3.rel1-mingw-w64-i686-arm-none-eabi/bin/../lib/gcc/arm-none-eabi/13.3.1/thumb/v7e-m/nofp/crt0.o (memset)
E:/Toolchain/arm-gnu-toolchain-13.3.rel1-mingw-w64-i686-arm-none-eabi/bin/../lib/gcc/arm-none-eabi/13.3.1/thumb/v7e-m/nofp\libg.a(libc_a-closer.o)
                              E:/Toolchain/arm-gnu-toolchain-13.3.rel1-mingw-w64-i686-arm-none-eabi/bin/../lib/gcc/arm-none-eabi/13.3.1/thumb/v7e-m/nofp\libg.a(libc_a-stdio.o) (_close_r)
E:/Toolchain/arm-gnu-toolchain-13.3.rel1-mingw-w64-i686-arm-none-eabi/bin/../lib/gcc/arm-none-eabi/13.3.1/thumb/v7e-m/nofp\libg.a(libc_a-reent.o)
                              E:/Toolchain/arm-gnu-toolchain-13.3.rel1-mingw-w64-i686-arm-none-eabi/bin/../lib/gcc/arm-none-eabi/13.3.1/thumb/v7e-m/nofp\libg.a(libc_a-closer.o) (errno)
E:/Toolchain/arm-gnu-toolchain-13.3.rel1-mingw-w64-i686-arm-none-eabi/bin/../lib/gcc/arm-none-eabi/13.3.1/thumb/v7e-m/nofp\libg.a(libc_a-impure.o)
                              E:/Toolchain/arm-gnu-toolchain-13.3.rel1-mingw-w64-i686-arm-none-eabi/bin/../lib/gcc/arm-none-eabi/13.3.1/thumb/v7e-m/nofp\libg.a(libc_a-printf.o) (_impure_ptr)
E:/Toolchain/arm-gnu-toolchain-13.3.rel1-mingw-w64-i686-arm-none-eabi/bin/../lib/gcc/arm-none-eabi/13.3.1/thumb/v7e-m/nofp\libg.a(libc_a-lseekr.o)
                              E:/Toolchain/arm-gnu-toolchain-13.3.rel1-mingw-w64-i686-arm-none-eabi/bin/../lib/gcc/arm-none-eabi/13.3.1/thumb/v7e-m/nofp\libg.a(libc_a-stdio.o) (_lseek_r)
E:/Toolchain/arm-gnu-toolchain-13.3.rel1-mingw-w64-i686-arm-none-eabi/bin/../lib/gcc/arm-none-eabi/13.3.1/thumb/v7e-m/nofp\libg.a(libc_a-readr.o)
                              E:/Toolchain/arm-gnu-toolchain-13.3.rel1-mingw-w64-i686-arm-none-eabi/bin/../lib/gcc/arm-none-eabi/13.3.1/thumb/v7e-m/nofp\libg.a(libc_a-stdio.o) (_read_r)
E:/Toolchain/arm-gnu-toolchain-13.3.rel1-mingw-w64-i686-arm-none-eabi/bin/../lib/gcc/arm-none-eabi/13.3.1/thumb/v7e-m/nofp\libg.a(libc_a-writer.o)
                              E:/Toolchain/arm-gnu-toolchain-13.3.rel1-mingw-w64-i686-arm-none-eabi/bin/../lib/gcc/arm-none-eabi/13.3.1/thumb/v7e-m/nofp\libg.a(libc_a-stdio.o) (_write_r)
[...]
Memory Configuration

Name             Origin             Length             Attributes
CCMRAM           0x10000000         0x00010000         xrw
RAM              0x20000000         0x00020000         xrw
FLASH            0x08000000         0x00080000         xr
*default*        0x00000000         0xffffffff

Linker script and memory map

LOAD E:/Toolchain/arm-gnu-toolchain-13.3.rel1-mingw-w64-i686-arm-none-eabi/bin/../lib/gcc/arm-none-eabi/13.3.1/thumb/v7e-m/nofp/crti.o
LOAD E:/Toolchain/arm-gnu-toolchain-13.3.rel1-mingw-w64-i686-arm-none-eabi/bin/../lib/gcc/arm-none-eabi/13.3.1/thumb/v7e-m/nofp/crtbegin.o
LOAD E:/Toolchain/arm-gnu-toolchain-13.3.rel1-mingw-w64-i686-arm-none-eabi/bin/../lib/gcc/arm-none-eabi/13.3.1/thumb/v7e-m/nofp/crt0.o
LOAD CMakeFiles/CLion_STM32_led.elf.dir/Core/Src/gpio.c.obj
LOAD CMakeFiles/CLion_STM32_led.elf.dir/Core/Src/main.c.obj
LOAD CMakeFiles/CLion_STM32_led.elf.dir/Core/Src/stm32f4xx_hal_msp.c.obj
LOAD CMakeFiles/CLion_STM32_led.elf.dir/Core/Src/stm32f4xx_it.c.obj
LOAD CMakeFiles/CLion_STM32_led.elf.dir/Core/Src/syscalls.c.obj
LOAD CMakeFiles/CLion_STM32_led.elf.dir/Core/Src/sysmem.c.obj
LOAD CMakeFiles/CLion_STM32_led.elf.dir/Core/Src/system_stm32f4xx.c.obj
LOAD CMakeFiles/CLion_STM32_led.elf.dir/Core/Src/usart.c.obj
LOAD CMakeFiles/CLion_STM32_led.elf.dir/Core/Startup/startup_stm32f407vetx.s.obj
LOAD CMakeFiles/CLion_STM32_led.elf.dir/Drivers/STM32F4xx_HAL_Driver/Src/stm32f4xx_hal.c.obj
LOAD CMakeFiles/CLion_STM32_led.elf.dir/Drivers/STM32F4xx_HAL_Driver/Src/stm32f4xx_hal_cortex.c.obj
LOAD CMakeFiles/CLion_STM32_led.elf.dir/Drivers/STM32F4xx_HAL_Driver/Src/stm32f4xx_hal_dma.c.obj
LOAD CMakeFiles/CLion_STM32_led.elf.dir/Drivers/STM32F4xx_HAL_Driver/Src/stm32f4xx_hal_dma_ex.c.obj
LOAD CMakeFiles/CLion_STM32_led.elf.dir/Drivers/STM32F4xx_HAL_Driver/Src/stm32f4xx_hal_exti.c.obj
LOAD CMakeFiles/CLion_STM32_led.elf.dir/Drivers/STM32F4xx_HAL_Driver/Src/stm32f4xx_hal_flash.c.obj
LOAD CMakeFiles/CLion_STM32_led.elf.dir/Drivers/STM32F4xx_HAL_Driver/Src/stm32f4xx_hal_flash_ex.c.obj
LOAD CMakeFiles/CLion_STM32_led.elf.dir/Drivers/STM32F4xx_HAL_Driver/Src/stm32f4xx_hal_flash_ramfunc.c.obj
LOAD CMakeFiles/CLion_STM32_led.elf.dir/Drivers/STM32F4xx_HAL_Driver/Src/stm32f4xx_hal_gpio.c.obj
LOAD CMakeFiles/CLion_STM32_led.elf.dir/Drivers/STM32F4xx_HAL_Driver/Src/stm32f4xx_hal_pwr.c.obj
LOAD CMakeFiles/CLion_STM32_led.elf.dir/Drivers/STM32F4xx_HAL_Driver/Src/stm32f4xx_hal_pwr_ex.c.obj
LOAD CMakeFiles/CLion_STM32_led.elf.dir/Drivers/STM32F4xx_HAL_Driver/Src/stm32f4xx_hal_rcc.c.obj
LOAD CMakeFiles/CLion_STM32_led.elf.dir/Drivers/STM32F4xx_HAL_Driver/Src/stm32f4xx_hal_rcc_ex.c.obj
LOAD CMakeFiles/CLion_STM32_led.elf.dir/Drivers/STM32F4xx_HAL_Driver/Src/stm32f4xx_hal_tim.c.obj
LOAD CMakeFiles/CLion_STM32_led.elf.dir/Drivers/STM32F4xx_HAL_Driver/Src/stm32f4xx_hal_tim_ex.c.obj
LOAD CMakeFiles/CLion_STM32_led.elf.dir/Drivers/STM32F4xx_HAL_Driver/Src/stm32f4xx_hal_uart.c.obj
START GROUP
LOAD E:/Toolchain/arm-gnu-toolchain-13.3.rel1-mingw-w64-i686-arm-none-eabi/bin/../lib/gcc/arm-none-eabi/13.3.1/thumb/v7e-m/nofp\libgcc.a
LOAD E:/Toolchain/arm-gnu-toolchain-13.3.rel1-mingw-w64-i686-arm-none-eabi/bin/../lib/gcc/arm-none-eabi/13.3.1/thumb/v7e-m/nofp\libg.a
LOAD E:/Toolchain/arm-gnu-toolchain-13.3.rel1-mingw-w64-i686-arm-none-eabi/bin/../lib/gcc/arm-none-eabi/13.3.1/thumb/v7e-m/nofp\libc.a
END GROUP
LOAD E:/Toolchain/arm-gnu-toolchain-13.3.rel1-mingw-w64-i686-arm-none-eabi/bin/../lib/gcc/arm-none-eabi/13.3.1/thumb/v7e-m/nofp/crtend.o
LOAD E:/Toolchain/arm-gnu-toolchain-13.3.rel1-mingw-w64-i686-arm-none-eabi/bin/../lib/gcc/arm-none-eabi/13.3.1/thumb/v7e-m/nofp/crtn.o
                0x20020000                        _estack = (ORIGIN (RAM) + LENGTH (RAM))
                0x00000200                        _Min_Heap_Size = 0x200
                0x00000400                        _Min_Stack_Size = 0x400

.isr_vector     0x08000000      0x188
                0x08000000                        . = ALIGN (0x4)
 *(.isr_vector)
 .isr_vector    0x08000000      0x188 CMakeFiles/CLion_STM32_led.elf.dir/Core/Startup/startup_stm32f407vetx.s.obj
                0x08000000                g_pfnVectors
                0x08000188                        . = ALIGN (0x4)

.text           0x080001c0     0x7edc
                0x080001c0                        . = ALIGN (0x4)
 *(.text)
 .text          0x080001c0       0x30 E:/Toolchain/arm-gnu-toolchain-13.3.rel1-mingw-w64-i686-arm-none-eabi/bin/../lib/gcc/arm-none-eabi/13.3.1/thumb/v7e-m/nofp\libgcc.a(_aeabi_uldivmod.o)
                0x080001c0                __aeabi_uldivmod
 .text          0x080001f0        0x4 E:/Toolchain/arm-gnu-toolchain-13.3.rel1-mingw-w64-i686-arm-none-eabi/bin/../lib/gcc/arm-none-eabi/13.3.1/thumb/v7e-m/nofp\libgcc.a(_dvmd_tls.o)
                0x080001f0                __aeabi_idiv0
                0x080001f0                __aeabi_ldiv0
 *fill*         0x080001f4        0xc 
 .text          0x08000200       0xa0 E:/Toolchain/arm-gnu-toolchain-13.3.rel1-mingw-w64-i686-arm-none-eabi/bin/../lib/gcc/arm-none-eabi/13.3.1/thumb/v7e-m/nofp\libg.a(libc_a-memchr.o)
                0x08000200                memchr
 .text          0x080002a0      0x134 E:/Toolchain/arm-gnu-toolchain-13.3.rel1-mingw-w64-i686-arm-none-eabi/bin/../lib/gcc/arm-none-eabi/13.3.1/thumb/v7e-m/nofp\libg.a(libc_a-memcpy.o)
                0x080002a0                memcpy
 *fill*         0x080003d4       0x2c 
 .text          0x08000400       0xd8 E:/Toolchain/arm-gnu-toolchain-13.3.rel1-mingw-w64-i686-arm-none-eabi/bin/../lib/gcc/arm-none-eabi/13.3.1/thumb/v7e-m/nofp\libg.a(libc_a-strlen.o)
                0x08000400                strlen
 .text          0x080004d8      0x378 E:/Toolchain/arm-gnu-toolchain-13.3.rel1-mingw-w64-i686-arm-none-eabi/bin/../lib/gcc/arm-none-eabi/13.3.1/thumb/v7e-m/nofp\libgcc.a(_arm_addsubdf3.o)
                0x080004d8                __aeabi_drsub
                0x080004e0                __aeabi_dsub
                0x080004e0                __subdf3
                0x080004e4                __aeabi_dadd
                0x080004e4                __adddf3
                0x0800075c                __floatunsidf
                0x0800075c                __aeabi_ui2d
                0x0800077c                __floatsidf
                0x0800077c                __aeabi_i2d
                0x080007a0                __aeabi_f2d
                0x080007a0                __extendsfdf2
                0x080007e4                __floatundidf
                0x080007e4                __aeabi_ul2d
                0x080007f4                __floatdidf
                0x080007f4                __aeabi_l2d
 .text          0x08000850      0x424 E:/Toolchain/arm-gnu-toolchain-13.3.rel1-mingw-w64-i686-arm-none-eabi/bin/../lib/gcc/arm-none-eabi/13.3.1/thumb/v7e-m/nofp\libgcc.a(_arm_muldivdf3.o)
                0x08000850                __aeabi_dmul
                0x08000850                __muldf3
                0x08000aa4                __divdf3
                0x08000aa4                __aeabi_ddiv
 .text          0x08000c74      0x110 E:/Toolchain/arm-gnu-toolchain-13.3.rel1-mingw-w64-i686-arm-none-eabi/bin/../lib/gcc/arm-none-eabi/13.3.1/thumb/v7e-m/nofp\libgcc.a(_arm_cmpdf2.o)
                0x08000c74                __gtdf2
                0x08000c74                __gedf2
                0x08000c7c                __ltdf2
                0x08000c7c                __ledf2
                0x08000c84                __nedf2
                0x08000c84                __eqdf2
                0x08000c84                __cmpdf2
                0x08000d00                __aeabi_cdrcmple
                0x08000d10                __aeabi_cdcmpeq
                0x08000d10                __aeabi_cdcmple
                0x08000d20                __aeabi_dcmpeq
                0x08000d34                __aeabi_dcmplt
                0x08000d48                __aeabi_dcmple
                0x08000d5c                __aeabi_dcmpge
                0x08000d70                __aeabi_dcmpgt
 .text          0x08000d84       0x2c E:/Toolchain/arm-gnu-toolchain-13.3.rel1-mingw-w64-i686-arm-none-eabi/bin/../lib/gcc/arm-none-eabi/13.3.1/thumb/v7e-m/nofp\libgcc.a(_arm_unorddf2.o)
                0x08000d84                __unorddf2
                0x08000d84                __aeabi_dcmpun
 .text          0x08000db0       0x50 E:/Toolchain/arm-gnu-toolchain-13.3.rel1-mingw-w64-i686-arm-none-eabi/bin/../lib/gcc/arm-none-eabi/13.3.1/thumb/v7e-m/nofp\libgcc.a(_arm_fixdfsi.o)
                0x08000db0                __aeabi_d2iz
                0x08000db0                __fixdfsi
 *(.text*)
 .text.deregister_tm_clones
                0x08000e00       0x1c E:/Toolchain/arm-gnu-toolchain-13.3.rel1-mingw-w64-i686-arm-none-eabi/bin/../lib/gcc/arm-none-eabi/13.3.1/thumb/v7e-m/nofp/crtbegin.o
 .text.register_tm_clones
                0x08000e1c       0x24 E:/Toolchain/arm-gnu-toolchain-13.3.rel1-mingw-w64-i686-arm-none-eabi/bin/../lib/gcc/arm-none-eabi/13.3.1/thumb/v7e-m/nofp/crtbegin.o
 .text.__do_global_dtors_aux
                0x08000e40       0x28 E:/Toolchain/arm-gnu-toolchain-13.3.rel1-mingw-w64-i686-arm-none-eabi/bin/../lib/gcc/arm-none-eabi/13.3.1/thumb/v7e-m/nofp/crtbegin.o
 .text.frame_dummy
                0x08000e68       0x24 E:/Toolchain/arm-gnu-toolchain-13.3.rel1-mingw-w64-i686-arm-none-eabi/bin/../lib/gcc/arm-none-eabi/13.3.1/thumb/v7e-m/nofp/crtbegin.o
 .text.MX_GPIO_Init
                0x08000e8c       0x78 CMakeFiles/CLion_STM32_led.elf.dir/Core/Src/gpio.c.obj
                0x08000e8c                MX_GPIO_Init
 .text.Error_Handler
                0x08000f04        0x4 CMakeFiles/CLion_STM32_led.elf.dir/Core/Src/main.c.obj
                0x08000f04                Error_Handler
 .text.SystemClock_Config
                0x08000f08       0xa4 CMakeFiles/CLion_STM32_led.elf.dir/Core/Src/main.c.obj
                0x08000f08                SystemClock_Config
 .text.main     0x08000fac       0x44 CMakeFiles/CLion_STM32_led.elf.dir/Core/Src/main.c.obj
                0x08000fac                main
 .text.HAL_MspInit
                0x08000ff0       0x38 CMakeFiles/CLion_STM32_led.elf.dir/Core/Src/stm32f4xx_hal_msp.c.obj
                0x08000ff0                HAL_MspInit
 .text.NMI_Handler
                0x08001028        0x2 CMakeFiles/CLion_STM32_led.elf.dir/Core/Src/stm32f4xx_it.c.obj
                0x08001028                NMI_Handler
 .text.HardFault_Handler
                0x0800102a        0x2 CMakeFiles/CLion_STM32_led.elf.dir/Core/Src/stm32f4xx_it.c.obj
                0x0800102a                HardFault_Handler
 .text.MemManage_Handler
                0x0800102c        0x2 CMakeFiles/CLion_STM32_led.elf.dir/Core/Src/stm32f4xx_it.c.obj
                0x0800102c                MemManage_Handler
 .text.BusFault_Handler
                0x0800102e        0x2 CMakeFiles/CLion_STM32_led.elf.dir/Core/Src/stm32f4xx_it.c.obj
                0x0800102e                BusFault_Handler
 .text.UsageFault_Handler
                0x08001030        0x2 CMakeFiles/CLion_STM32_led.elf.dir/Core/Src/stm32f4xx_it.c.obj
                0x08001030                UsageFault_Handler
 .text.SVC_Handler
                0x08001032        0x2 CMakeFiles/CLion_STM32_led.elf.dir/Core/Src/stm32f4xx_it.c.obj
                0x08001032                SVC_Handler
 .text.DebugMon_Handler
                0x08001034        0x2 CMakeFiles/CLion_STM32_led.elf.dir/Core/Src/stm32f4xx_it.c.obj
                0x08001034                DebugMon_Handler
 .text.PendSV_Handler
                0x08001036        0x2 CMakeFiles/CLion_STM32_led.elf.dir/Core/Src/stm32f4xx_it.c.obj
                0x08001036                PendSV_Handler
 .text.SysTick_Handler
                0x08001038        0x8 CMakeFiles/CLion_STM32_led.elf.dir/Core/Src/stm32f4xx_it.c.obj
                0x08001038                SysTick_Handler
 .text._getpid  0x08001040        0x4 CMakeFiles/CLion_STM32_led.elf.dir/Core/Src/syscalls.c.obj
                0x08001040                _getpid
 .text._kill    0x08001044       0x10 CMakeFiles/CLion_STM32_led.elf.dir/Core/Src/syscalls.c.obj
                0x08001044                _kill
 .text._exit    0x08001054        0xc CMakeFiles/CLion_STM32_led.elf.dir/Core/Src/syscalls.c.obj
                0x08001054                _exit
 .text._read    0x08001060       0x20 CMakeFiles/CLion_STM32_led.elf.dir/Core/Src/syscalls.c.obj
                0x08001060                _read
 .text._close   0x08001080        0x6 CMakeFiles/CLion_STM32_led.elf.dir/Core/Src/syscalls.c.obj
                0x08001080                _close
 .text._fstat   0x08001086        0xa CMakeFiles/CLion_STM32_led.elf.dir/Core/Src/syscalls.c.obj
                0x08001086                _fstat
 .text._isatty  0x08001090        0x4 CMakeFiles/CLion_STM32_led.elf.dir/Core/Src/syscalls.c.obj
                0x08001090                _isatty
 .text._lseek   0x08001094        0x4 CMakeFiles/CLion_STM32_led.elf.dir/Core/Src/syscalls.c.obj
                0x08001094                _lseek
 .text._sbrk    0x08001098       0x48 CMakeFiles/CLion_STM32_led.elf.dir/Core/Src/sysmem.c.obj
                0x08001098                _sbrk
 .text.SystemInit
                0x080010e0        0x2 CMakeFiles/CLion_STM32_led.elf.dir/Core/Src/system_stm32f4xx.c.obj
                0x080010e0                SystemInit
 *fill*         0x080010e2        0x2 
 .text.MX_USART1_UART_Init
                0x080010e4       0x34 CMakeFiles/CLion_STM32_led.elf.dir/Core/Src/usart.c.obj
                0x080010e4                MX_USART1_UART_Init
 .text.HAL_UART_MspInit
                0x08001118       0x74 CMakeFiles/CLion_STM32_led.elf.dir/Core/Src/usart.c.obj
                0x08001118                HAL_UART_MspInit
 .text._write   0x0800118c       0x28 CMakeFiles/CLion_STM32_led.elf.dir/Core/Src/usart.c.obj
                0x0800118c                _write
 .text.Reset_Handler
                0x080011b4       0x50 CMakeFiles/CLion_STM32_led.elf.dir/Core/Startup/startup_stm32f407vetx.s.obj
                0x080011b4                Reset_Handler
 .text.Default_Handler
                0x08001204        0x2 CMakeFiles/CLion_STM32_led.elf.dir/Core/Startup/startup_stm32f407vetx.s.obj
                0x08001204                RTC_Alarm_IRQHandler
                0x08001204                HASH_RNG_IRQHandler
                0x08001204                EXTI2_IRQHandler
                0x08001204                TIM8_CC_IRQHandler
                0x08001204                TIM1_CC_IRQHandler
                0x08001204                DMA2_Stream5_IRQHandler
                0x08001204                DMA1_Stream5_IRQHandler
                0x08001204                PVD_IRQHandler
                0x08001204                SDIO_IRQHandler
                0x08001204                TAMP_STAMP_IRQHandler
                0x08001204                CAN2_RX1_IRQHandler
                0x08001204                EXTI3_IRQHandler
                0x08001204                TIM8_TRG_COM_TIM14_IRQHandler
                0x08001204                TIM1_UP_TIM10_IRQHandler
                0x08001204                TIM8_UP_TIM13_IRQHandler
                0x08001204                I2C3_ER_IRQHandler
                0x08001204                EXTI0_IRQHandler
                0x08001204                I2C2_EV_IRQHandler
                0x08001204                DMA1_Stream2_IRQHandler
                0x08001204                CAN1_RX0_IRQHandler
                0x08001204                FPU_IRQHandler
                0x08001204                OTG_HS_WKUP_IRQHandler
                0x08001204                CAN2_SCE_IRQHandler
                0x08001204                DMA2_Stream2_IRQHandler
                0x08001204                SPI1_IRQHandler
                0x08001204                TIM6_DAC_IRQHandler
                0x08001204                TIM1_BRK_TIM9_IRQHandler
                0x08001204                DCMI_IRQHandler
                0x08001204                CAN2_RX0_IRQHandler
                0x08001204                DMA2_Stream3_IRQHandler
                0x08001204                USART6_IRQHandler
                0x08001204                USART3_IRQHandler
                0x08001204                CAN1_RX1_IRQHandler
                0x08001204                UART5_IRQHandler
                0x08001204                DMA2_Stream0_IRQHandler
                0x08001204                TIM4_IRQHandler
                0x08001204                I2C1_EV_IRQHandler
                0x08001204                DMA1_Stream6_IRQHandler
                0x08001204                DMA1_Stream1_IRQHandler
                0x08001204                UART4_IRQHandler
                0x08001204                TIM3_IRQHandler
                0x08001204                RCC_IRQHandler
                0x08001204                TIM8_BRK_TIM12_IRQHandler
                0x08001204                Default_Handler
                0x08001204                EXTI15_10_IRQHandler
                0x08001204                ADC_IRQHandler
                0x08001204                DMA1_Stream7_IRQHandler
                0x08001204                TIM7_IRQHandler
                0x08001204                CAN2_TX_IRQHandler
                0x08001204                TIM5_IRQHandler
                0x08001204                DMA2_Stream7_IRQHandler
                0x08001204                I2C3_EV_IRQHandler
                0x08001204                EXTI9_5_IRQHandler
                0x08001204                RTC_WKUP_IRQHandler
                0x08001204                ETH_WKUP_IRQHandler
                0x08001204                SPI2_IRQHandler
                0x08001204                OTG_HS_EP1_IN_IRQHandler
                0x08001204                DMA1_Stream0_IRQHandler
                0x08001204                CAN1_TX_IRQHandler
                0x08001204                EXTI4_IRQHandler
                0x08001204                FSMC_IRQHandler
                0x08001204                ETH_IRQHandler
                0x08001204                OTG_HS_EP1_OUT_IRQHandler
                0x08001204                WWDG_IRQHandler
                0x08001204                TIM2_IRQHandler
                0x08001204                OTG_FS_WKUP_IRQHandler
                0x08001204                TIM1_TRG_COM_TIM11_IRQHandler
                0x08001204                OTG_HS_IRQHandler
                0x08001204                EXTI1_IRQHandler
                0x08001204                USART2_IRQHandler
                0x08001204                I2C2_ER_IRQHandler
                0x08001204                DMA2_Stream1_IRQHandler
                0x08001204                CAN1_SCE_IRQHandler
                0x08001204                FLASH_IRQHandler
                0x08001204                DMA2_Stream4_IRQHandler
                0x08001204                USART1_IRQHandler
                0x08001204                OTG_FS_IRQHandler
                0x08001204                SPI3_IRQHandler
                0x08001204                DMA1_Stream4_IRQHandler
                0x08001204                I2C1_ER_IRQHandler
                0x08001204                DMA2_Stream6_IRQHandler
                0x08001204                DMA1_Stream3_IRQHandler
 *fill*         0x08001206        0x2 
 .text.HAL_InitTick
                0x08001208       0x4c CMakeFiles/CLion_STM32_led.elf.dir/Drivers/STM32F4xx_HAL_Driver/Src/stm32f4xx_hal.c.obj
                0x08001208                HAL_InitTick
 .text.HAL_Init
                0x08001254       0x34 CMakeFiles/CLion_STM32_led.elf.dir/Drivers/STM32F4xx_HAL_Driver/Src/stm32f4xx_hal.c.obj
                0x08001254                HAL_Init
 .text.HAL_IncTick
                0x08001288       0x18 CMakeFiles/CLion_STM32_led.elf.dir/Drivers/STM32F4xx_HAL_Driver/Src/stm32f4xx_hal.c.obj
                0x08001288                HAL_IncTick
 .text.HAL_GetTick
                0x080012a0        0xc CMakeFiles/CLion_STM32_led.elf.dir/Drivers/STM32F4xx_HAL_Driver/Src/stm32f4xx_hal.c.obj
                0x080012a0                HAL_GetTick
 .text.HAL_Delay
                0x080012ac       0x28 CMakeFiles/CLion_STM32_led.elf.dir/Drivers/STM32F4xx_HAL_Driver/Src/stm32f4xx_hal.c.obj
                0x080012ac                HAL_Delay
 .text.__NVIC_SetPriority
                0x080012d4       0x28 CMakeFiles/CLion_STM32_led.elf.dir/Drivers/STM32F4xx_HAL_Driver/Src/stm32f4xx_hal_cortex.c.obj
 .text.NVIC_EncodePriority
                0x080012fc       0x3e CMakeFiles/CLion_STM32_led.elf.dir/Drivers/STM32F4xx_HAL_Driver/Src/stm32f4xx_hal_cortex.c.obj
 *fill*         0x0800133a        0x2 
 .text.HAL_NVIC_SetPriorityGrouping
                0x0800133c       0x24 CMakeFiles/CLion_STM32_led.elf.dir/Drivers/STM32F4xx_HAL_Driver/Src/stm32f4xx_hal_cortex.c.obj
                0x0800133c                HAL_NVIC_SetPriorityGrouping
 .text.HAL_NVIC_SetPriority
                0x08001360       0x20 CMakeFiles/CLion_STM32_led.elf.dir/Drivers/STM32F4xx_HAL_Driver/Src/stm32f4xx_hal_cortex.c.obj
                0x08001360                HAL_NVIC_SetPriority
 .text.HAL_SYSTICK_Config
                0x08001380       0x28 CMakeFiles/CLion_STM32_led.elf.dir/Drivers/STM32F4xx_HAL_Driver/Src/stm32f4xx_hal_cortex.c.obj
                0x08001380                HAL_SYSTICK_Config
 .text.HAL_GPIO_Init
                0x080013a8      0x1f4 CMakeFiles/CLion_STM32_led.elf.dir/Drivers/STM32F4xx_HAL_Driver/Src/stm32f4xx_hal_gpio.c.obj
                0x080013a8                HAL_GPIO_Init
 .text.HAL_GPIO_WritePin
                0x0800159c        0xc CMakeFiles/CLion_STM32_led.elf.dir/Drivers/STM32F4xx_HAL_Driver/Src/stm32f4xx_hal_gpio.c.obj
                0x0800159c                HAL_GPIO_WritePin
 .text.HAL_GPIO_TogglePin
                0x080015a8       0x12 CMakeFiles/CLion_STM32_led.elf.dir/Drivers/STM32F4xx_HAL_Driver/Src/stm32f4xx_hal_gpio.c.obj
                0x080015a8                HAL_GPIO_TogglePin
 *fill*         0x080015ba        0x2 
 .text.HAL_RCC_OscConfig
                0x080015bc      0x3f8 CMakeFiles/CLion_STM32_led.elf.dir/Drivers/STM32F4xx_HAL_Driver/Src/stm32f4xx_hal_rcc.c.obj
                0x080015bc                HAL_RCC_OscConfig
 .text.HAL_RCC_GetSysClockFreq
                0x080019b4       0xdc CMakeFiles/CLion_STM32_led.elf.dir/Drivers/STM32F4xx_HAL_Driver/Src/stm32f4xx_hal_rcc.c.obj
                0x080019b4                HAL_RCC_GetSysClockFreq
 .text.HAL_RCC_ClockConfig
                0x08001a90      0x160 CMakeFiles/CLion_STM32_led.elf.dir/Drivers/STM32F4xx_HAL_Driver/Src/stm32f4xx_hal_rcc.c.obj
                0x08001a90                HAL_RCC_ClockConfig
 .text.HAL_RCC_GetHCLKFreq
                0x08001bf0        0xc CMakeFiles/CLion_STM32_led.elf.dir/Drivers/STM32F4xx_HAL_Driver/Src/stm32f4xx_hal_rcc.c.obj
                0x08001bf0                HAL_RCC_GetHCLKFreq
 .text.HAL_RCC_GetPCLK1Freq
                0x08001bfc       0x20 CMakeFiles/CLion_STM32_led.elf.dir/Drivers/STM32F4xx_HAL_Driver/Src/stm32f4xx_hal_rcc.c.obj
                0x08001bfc                HAL_RCC_GetPCLK1Freq
 .text.HAL_RCC_GetPCLK2Freq
                0x08001c1c       0x20 CMakeFiles/CLion_STM32_led.elf.dir/Drivers/STM32F4xx_HAL_Driver/Src/stm32f4xx_hal_rcc.c.obj
                0x08001c1c                HAL_RCC_GetPCLK2Freq
 .text.UART_SetConfig
                0x08001c3c      0x110 CMakeFiles/CLion_STM32_led.elf.dir/Drivers/STM32F4xx_HAL_Driver/Src/stm32f4xx_hal_uart.c.obj
 .text.HAL_UART_Init
                0x08001d4c       0x60 CMakeFiles/CLion_STM32_led.elf.dir/Drivers/STM32F4xx_HAL_Driver/Src/stm32f4xx_hal_uart.c.obj
                0x08001d4c                HAL_UART_Init
 .text.__udivmoddi4
                0x08001dac      0x2bc E:/Toolchain/arm-gnu-toolchain-13.3.rel1-mingw-w64-i686-arm-none-eabi/bin/../lib/gcc/arm-none-eabi/13.3.1/thumb/v7e-m/nofp\libgcc.a(_udivmoddi4.o)
                0x08001dac                __udivmoddi4
 .text.stdio_exit_handler
                0x08002068       0x18 E:/Toolchain/arm-gnu-toolchain-13.3.rel1-mingw-w64-i686-arm-none-eabi/bin/../lib/gcc/arm-none-eabi/13.3.1/thumb/v7e-m/nofp\libg.a(libc_a-findfp.o)
 .text.cleanup_stdio
                0x08002080       0x40 E:/Toolchain/arm-gnu-toolchain-13.3.rel1-mingw-w64-i686-arm-none-eabi/bin/../lib/gcc/arm-none-eabi/13.3.1/thumb/v7e-m/nofp\libg.a(libc_a-findfp.o)
 .text.global_stdio_init.part.0
                0x080020c0       0xf0 E:/Toolchain/arm-gnu-toolchain-13.3.rel1-mingw-w64-i686-arm-none-eabi/bin/../lib/gcc/arm-none-eabi/13.3.1/thumb/v7e-m/nofp\libg.a(libc_a-findfp.o)
 .text.__sinit  0x080021b0       0x3c E:/Toolchain/arm-gnu-toolchain-13.3.rel1-mingw-w64-i686-arm-none-eabi/bin/../lib/gcc/arm-none-eabi/13.3.1/thumb/v7e-m/nofp\libg.a(libc_a-findfp.o)
                0x080021b0                __sinit
 .text.__sfp_lock_acquire
                0x080021ec        0xc E:/Toolchain/arm-gnu-toolchain-13.3.rel1-mingw-w64-i686-arm-none-eabi/bin/../lib/gcc/arm-none-eabi/13.3.1/thumb/v7e-m/nofp\libg.a(libc_a-findfp.o)
                0x080021ec                __sfp_lock_acquire
 .text.__sfp_lock_release
                0x080021f8        0xc E:/Toolchain/arm-gnu-toolchain-13.3.rel1-mingw-w64-i686-arm-none-eabi/bin/../lib/gcc/arm-none-eabi/13.3.1/thumb/v7e-m/nofp\libg.a(libc_a-findfp.o)
                0x080021f8                __sfp_lock_release
 .text._fwalk_sglue
                0x08002204       0x44 E:/Toolchain/arm-gnu-toolchain-13.3.rel1-mingw-w64-i686-arm-none-eabi/bin/../lib/gcc/arm-none-eabi/13.3.1/thumb/v7e-m/nofp\libg.a(libc_a-fwalk.o)
                0x08002204                _fwalk_sglue
 .text.printf   0x08002248       0x28 E:/Toolchain/arm-gnu-toolchain-13.3.rel1-mingw-w64-i686-arm-none-eabi/bin/../lib/gcc/arm-none-eabi/13.3.1/thumb/v7e-m/nofp\libg.a(libc_a-printf.o)
                0x08002248                printf
 .text.__sread  0x08002270       0x24 E:/Toolchain/arm-gnu-toolchain-13.3.rel1-mingw-w64-i686-arm-none-eabi/bin/../lib/gcc/arm-none-eabi/13.3.1/thumb/v7e-m/nofp\libg.a(libc_a-stdio.o)
                0x08002270                __sread
 .text.__swrite
                0x08002294       0x40 E:/Toolchain/arm-gnu-toolchain-13.3.rel1-mingw-w64-i686-arm-none-eabi/bin/../lib/gcc/arm-none-eabi/13.3.1/thumb/v7e-m/nofp\libg.a(libc_a-stdio.o)
                0x08002294                __swrite
 .text.__sseek  0x080022d4       0x24 E:/Toolchain/arm-gnu-toolchain-13.3.rel1-mingw-w64-i686-arm-none-eabi/bin/../lib/gcc/arm-none-eabi/13.3.1/thumb/v7e-m/nofp\libg.a(libc_a-stdio.o)
                0x080022d4                __sseek
 .text.__sclose
                0x080022f8        0x8 E:/Toolchain/arm-gnu-toolchain-13.3.rel1-mingw-w64-i686-arm-none-eabi/bin/../lib/gcc/arm-none-eabi/13.3.1/thumb/v7e-m/nofp\libg.a(libc_a-stdio.o)
                0x080022f8                __sclose
 .text.memset   0x08002300       0xa4 E:/Toolchain/arm-gnu-toolchain-13.3.rel1-mingw-w64-i686-arm-none-eabi/bin/../lib/gcc/arm-none-eabi/13.3.1/thumb/v7e-m/nofp\libg.a(libc_a-memset.o)
                0x08002300                memset
 .text._close_r
                0x080023a4       0x24 E:/Toolchain/arm-gnu-toolchain-13.3.rel1-mingw-w64-i686-arm-none-eabi/bin/../lib/gcc/arm-none-eabi/13.3.1/thumb/v7e-m/nofp\libg.a(libc_a-closer.o)
                0x080023a4                _close_r
 .text._lseek_r
                0x080023c8       0x2c E:/Toolchain/arm-gnu-toolchain-13.3.rel1-mingw-w64-i686-arm-none-eabi/bin/../lib/gcc/arm-none-eabi/13.3.1/thumb/v7e-m/nofp\libg.a(libc_a-lseekr.o)
                0x080023c8                _lseek_r
 .text._read_r  0x080023f4       0x2c E:/Toolchain/arm-gnu-toolchain-13.3.rel1-mingw-w64-i686-arm-none-eabi/bin/../lib/gcc/arm-none-eabi/13.3.1/thumb/v7e-m/nofp\libg.a(libc_a-readr.o)
                0x080023f4                _read_r
 .text._write_r
                0x08002420       0x2c E:/Toolchain/arm-gnu-toolchain-13.3.rel1-mingw-w64-i686-arm-none-eabi/bin/../lib/gcc/arm-none-eabi/13.3.1/thumb/v7e-m/nofp\libg.a(libc_a-writer.o)
                0x08002420                _write_r
 .text.__errno  0x0800244c        0xc E:/Toolchain/arm-gnu-toolchain-13.3.rel1-mingw-w64-i686-arm-none-eabi/bin/../lib/gcc/arm-none-eabi/13.3.1/thumb/v7e-m/nofp\libg.a(libc_a-errno.o)
                0x0800244c                __errno
 .text.__libc_init_array
                0x08002458       0x50 E:/Toolchain/arm-gnu-toolchain-13.3.rel1-mingw-w64-i686-arm-none-eabi/bin/../lib/gcc/arm-none-eabi/13.3.1/thumb/v7e-m/nofp\libg.a(libc_a-init.o)
                0x08002458                __libc_init_array
 .text.__retarget_lock_init_recursive
                0x080024a8        0x4 E:/Toolchain/arm-gnu-toolchain-13.3.rel1-mingw-w64-i686-arm-none-eabi/bin/../lib/gcc/arm-none-eabi/13.3.1/thumb/v7e-m/nofp\libg.a(libc_a-lock.o)
                0x080024a8                __retarget_lock_init_recursive
 .text.__retarget_lock_close_recursive
                0x080024ac        0x4 E:/Toolchain/arm-gnu-toolchain-13.3.rel1-mingw-w64-i686-arm-none-eabi/bin/../lib/gcc/arm-none-eabi/13.3.1/thumb/v7e-m/nofp\libg.a(libc_a-lock.o)
                0x080024ac                __retarget_lock_close_recursive
 .text.__retarget_lock_acquire_recursive
                0x080024b0        0x4 E:/Toolchain/arm-gnu-toolchain-13.3.rel1-mingw-w64-i686-arm-none-eabi/bin/../lib/gcc/arm-none-eabi/13.3.1/thumb/v7e-m/nofp\libg.a(libc_a-lock.o)
                0x080024b0                __retarget_lock_acquire_recursive
 .text.__retarget_lock_release_recursive
                0x080024b4        0x4 E:/Toolchain/arm-gnu-toolchain-13.3.rel1-mingw-w64-i686-arm-none-eabi/bin/../lib/gcc/arm-none-eabi/13.3.1/thumb/v7e-m/nofp\libg.a(libc_a-lock.o)
                0x080024b4                __retarget_lock_release_recursive
 .text.startup.register_fini
                0x080024b8       0x14 E:/Toolchain/arm-gnu-toolchain-13.3.rel1-mingw-w64-i686-arm-none-eabi/bin/../lib/gcc/arm-none-eabi/13.3.1/thumb/v7e-m/nofp\libg.a(libc_a-__call_atexit.o)
 .text.atexit   0x080024cc        0xc E:/Toolchain/arm-gnu-toolchain-13.3.rel1-mingw-w64-i686-arm-none-eabi/bin/../lib/gcc/arm-none-eabi/13.3.1/thumb/v7e-m/nofp\libg.a(libc_a-atexit.o)
                0x080024cc                atexit
 .text._malloc_trim_r
                0x080024d8       0xb8 E:/Toolchain/arm-gnu-toolchain-13.3.rel1-mingw-w64-i686-arm-none-eabi/bin/../lib/gcc/arm-none-eabi/13.3.1/thumb/v7e-m/nofp\libg.a(libc_a-freer.o)
                0x080024d8                _malloc_trim_r
 .text._free_r  0x08002590      0x1f8 E:/Toolchain/arm-gnu-toolchain-13.3.rel1-mingw-w64-i686-arm-none-eabi/bin/../lib/gcc/arm-none-eabi/13.3.1/thumb/v7e-m/nofp\libg.a(libc_a-freer.o)
                0x08002590                _free_r
 .text._malloc_r
                0x08002788      0x564 E:/Toolchain/arm-gnu-toolchain-13.3.rel1-mingw-w64-i686-arm-none-eabi/bin/../lib/gcc/arm-none-eabi/13.3.1/thumb/v7e-m/nofp\libg.a(libc_a-mallocr.o)
                0x08002788                _malloc_r
 .text.__malloc_lock
                0x08002cec        0xc E:/Toolchain/arm-gnu-toolchain-13.3.rel1-mingw-w64-i686-arm-none-eabi/bin/../lib/gcc/arm-none-eabi/13.3.1/thumb/v7e-m/nofp\libg.a(libc_a-mlock.o)
                0x08002cec                __malloc_lock
 .text.__malloc_unlock
                0x08002cf8        0xc E:/Toolchain/arm-gnu-toolchain-13.3.rel1-mingw-w64-i686-arm-none-eabi/bin/../lib/gcc/arm-none-eabi/13.3.1/thumb/v7e-m/nofp\libg.a(libc_a-mlock.o)
                0x08002cf8                __malloc_unlock
 .text._vfprintf_r
                0x08002d04     0x1c5c E:/Toolchain/arm-gnu-toolchain-13.3.rel1-mingw-w64-i686-arm-none-eabi/bin/../lib/gcc/arm-none-eabi/13.3.1/thumb/v7e-m/nofp\libg.a(libc_a-vfprintf.o)
                0x08002d04                _vfprintf_r
 .text.__sbprintf
                0x08004960       0x80 E:/Toolchain/arm-gnu-toolchain-13.3.rel1-mingw-w64-i686-arm-none-eabi/bin/../lib/gcc/arm-none-eabi/13.3.1/thumb/v7e-m/nofp\libg.a(libc_a-vfprintf.o)
 .text.__sprint_r
                0x080049e0       0x20 E:/Toolchain/arm-gnu-toolchain-13.3.rel1-mingw-w64-i686-arm-none-eabi/bin/../lib/gcc/arm-none-eabi/13.3.1/thumb/v7e-m/nofp\libg.a(libc_a-sprint_r.o)
                0x080049e0                __sprint_r
 .text._fclose_r
                0x08004a00       0xc0 E:/Toolchain/arm-gnu-toolchain-13.3.rel1-mingw-w64-i686-arm-none-eabi/bin/../lib/gcc/arm-none-eabi/13.3.1/thumb/v7e-m/nofp\libg.a(libc_a-fclose.o)
                0x08004a00                _fclose_r
 .text.__sflush_r
                0x08004ac0      0x128 E:/Toolchain/arm-gnu-toolchain-13.3.rel1-mingw-w64-i686-arm-none-eabi/bin/../lib/gcc/arm-none-eabi/13.3.1/thumb/v7e-m/nofp\libg.a(libc_a-fflush.o)
                0x08004ac0                __sflush_r
 .text._fflush_r
                0x08004be8       0x54 E:/Toolchain/arm-gnu-toolchain-13.3.rel1-mingw-w64-i686-arm-none-eabi/bin/../lib/gcc/arm-none-eabi/13.3.1/thumb/v7e-m/nofp\libg.a(libc_a-fflush.o)
                0x08004be8                _fflush_r
 .text.__sfvwrite_r
                0x08004c3c      0x2f8 E:/Toolchain/arm-gnu-toolchain-13.3.rel1-mingw-w64-i686-arm-none-eabi/bin/../lib/gcc/arm-none-eabi/13.3.1/thumb/v7e-m/nofp\libg.a(libc_a-fvwrite.o)
                0x08004c3c                __sfvwrite_r
 .text.__swsetup_r
                0x08004f34       0xc4 E:/Toolchain/arm-gnu-toolchain-13.3.rel1-mingw-w64-i686-arm-none-eabi/bin/../lib/gcc/arm-none-eabi/13.3.1/thumb/v7e-m/nofp\libg.a(libc_a-wsetup.o)
                0x08004f34                __swsetup_r
 .text.memmove  0x08004ff8      0x100 E:/Toolchain/arm-gnu-toolchain-13.3.rel1-mingw-w64-i686-arm-none-eabi/bin/../lib/gcc/arm-none-eabi/13.3.1/thumb/v7e-m/nofp\libg.a(libc_a-memmove.o)
                0x08004ff8                memmove
 .text.strncpy  0x080050f8       0x68 E:/Toolchain/arm-gnu-toolchain-13.3.rel1-mingw-w64-i686-arm-none-eabi/bin/../lib/gcc/arm-none-eabi/13.3.1/thumb/v7e-m/nofp\libg.a(libc_a-strncpy.o)
                0x080050f8                strncpy
 .text.__locale_mb_cur_max
                0x08005160        0xc E:/Toolchain/arm-gnu-toolchain-13.3.rel1-mingw-w64-i686-arm-none-eabi/bin/../lib/gcc/arm-none-eabi/13.3.1/thumb/v7e-m/nofp\libg.a(libc_a-locale.o)
                0x08005160                __locale_mb_cur_max
 .text._localeconv_r
                0x0800516c        0x8 E:/Toolchain/arm-gnu-toolchain-13.3.rel1-mingw-w64-i686-arm-none-eabi/bin/../lib/gcc/arm-none-eabi/13.3.1/thumb/v7e-m/nofp\libg.a(libc_a-localeconv.o)
                0x0800516c                _localeconv_r
 .text._sbrk_r  0x08005174       0x24 E:/Toolchain/arm-gnu-toolchain-13.3.rel1-mingw-w64-i686-arm-none-eabi/bin/../lib/gcc/arm-none-eabi/13.3.1/thumb/v7e-m/nofp\libg.a(libc_a-sbrkr.o)
                0x08005174                _sbrk_r
 .text.__libc_fini_array
                0x08005198       0x28 E:/Toolchain/arm-gnu-toolchain-13.3.rel1-mingw-w64-i686-arm-none-eabi/bin/../lib/gcc/arm-none-eabi/13.3.1/thumb/v7e-m/nofp\libg.a(libc_a-fini.o)
                0x08005198                __libc_fini_array
 .text.sysconf  0x080051c0       0x1c E:/Toolchain/arm-gnu-toolchain-13.3.rel1-mingw-w64-i686-arm-none-eabi/bin/../lib/gcc/arm-none-eabi/13.3.1/thumb/v7e-m/nofp\libg.a(libc_a-sysconf.o)
                0x080051c0                sysconf
 .text.frexp    0x080051dc       0x6c E:/Toolchain/arm-gnu-toolchain-13.3.rel1-mingw-w64-i686-arm-none-eabi/bin/../lib/gcc/arm-none-eabi/13.3.1/thumb/v7e-m/nofp\libg.a(libm_a-s_frexp.o)
                0x080051dc                frexp
 .text.__register_exitproc
                0x08005248       0x80 E:/Toolchain/arm-gnu-toolchain-13.3.rel1-mingw-w64-i686-arm-none-eabi/bin/../lib/gcc/arm-none-eabi/13.3.1/thumb/v7e-m/nofp\libg.a(libc_a-__atexit.o)
                0x08005248                __register_exitproc
 .text.quorem   0x080052c8      0x12c E:/Toolchain/arm-gnu-toolchain-13.3.rel1-mingw-w64-i686-arm-none-eabi/bin/../lib/gcc/arm-none-eabi/13.3.1/thumb/v7e-m/nofp\libg.a(libc_a-dtoa.o)
 *fill*         0x080053f4        0x4 
 .text._dtoa_r  0x080053f8      0xe80 E:/Toolchain/arm-gnu-toolchain-13.3.rel1-mingw-w64-i686-arm-none-eabi/bin/../lib/gcc/arm-none-eabi/13.3.1/thumb/v7e-m/nofp\libg.a(libc_a-dtoa.o)
                0x080053f8                _dtoa_r
 .text.__ascii_mbtowc
                0x08006278       0x2c E:/Toolchain/arm-gnu-toolchain-13.3.rel1-mingw-w64-i686-arm-none-eabi/bin/../lib/gcc/arm-none-eabi/13.3.1/thumb/v7e-m/nofp\libg.a(libc_a-mbtowc_r.o)
                0x08006278                __ascii_mbtowc
 .text._Balloc  0x080062a4       0x4c E:/Toolchain/arm-gnu-toolchain-13.3.rel1-mingw-w64-i686-arm-none-eabi/bin/../lib/gcc/arm-none-eabi/13.3.1/thumb/v7e-m/nofp\libg.a(libc_a-mprec.o)
                0x080062a4                _Balloc
 .text._Bfree   0x080062f0       0x14 E:/Toolchain/arm-gnu-toolchain-13.3.rel1-mingw-w64-i686-arm-none-eabi/bin/../lib/gcc/arm-none-eabi/13.3.1/thumb/v7e-m/nofp\libg.a(libc_a-mprec.o)
                0x080062f0                _Bfree
 .text.__multadd
                0x08006304       0xa0 E:/Toolchain/arm-gnu-toolchain-13.3.rel1-mingw-w64-i686-arm-none-eabi/bin/../lib/gcc/arm-none-eabi/13.3.1/thumb/v7e-m/nofp\libg.a(libc_a-mprec.o)
                0x08006304                __multadd
 .text.__hi0bits
                0x080063a4       0x44 E:/Toolchain/arm-gnu-toolchain-13.3.rel1-mingw-w64-i686-arm-none-eabi/bin/../lib/gcc/arm-none-eabi/13.3.1/thumb/v7e-m/nofp\libg.a(libc_a-mprec.o)
                0x080063a4                __hi0bits
 .text.__lo0bits
                0x080063e8       0x60 E:/Toolchain/arm-gnu-toolchain-13.3.rel1-mingw-w64-i686-arm-none-eabi/bin/../lib/gcc/arm-none-eabi/13.3.1/thumb/v7e-m/nofp\libg.a(libc_a-mprec.o)
                0x080063e8                __lo0bits
 .text.__i2b    0x08006448       0x5c E:/Toolchain/arm-gnu-toolchain-13.3.rel1-mingw-w64-i686-arm-none-eabi/bin/../lib/gcc/arm-none-eabi/13.3.1/thumb/v7e-m/nofp\libg.a(libc_a-mprec.o)
                0x08006448                __i2b
 .text.__multiply
                0x080064a4      0x16c E:/Toolchain/arm-gnu-toolchain-13.3.rel1-mingw-w64-i686-arm-none-eabi/bin/../lib/gcc/arm-none-eabi/13.3.1/thumb/v7e-m/nofp\libg.a(libc_a-mprec.o)
                0x080064a4                __multiply
 .text.__pow5mult
                0x08006610       0xb4 E:/Toolchain/arm-gnu-toolchain-13.3.rel1-mingw-w64-i686-arm-none-eabi/bin/../lib/gcc/arm-none-eabi/13.3.1/thumb/v7e-m/nofp\libg.a(libc_a-mprec.o)
                0x08006610                __pow5mult
 .text.__lshift
                0x080066c4       0xf0 E:/Toolchain/arm-gnu-toolchain-13.3.rel1-mingw-w64-i686-arm-none-eabi/bin/../lib/gcc/arm-none-eabi/13.3.1/thumb/v7e-m/nofp\libg.a(libc_a-mprec.o)
                0x080066c4                __lshift
 .text.__mcmp   0x080067b4       0x40 E:/Toolchain/arm-gnu-toolchain-13.3.rel1-mingw-w64-i686-arm-none-eabi/bin/../lib/gcc/arm-none-eabi/13.3.1/thumb/v7e-m/nofp\libg.a(libc_a-mprec.o)
                0x080067b4                __mcmp
 .text.__mdiff  0x080067f4      0x178 E:/Toolchain/arm-gnu-toolchain-13.3.rel1-mingw-w64-i686-arm-none-eabi/bin/../lib/gcc/arm-none-eabi/13.3.1/thumb/v7e-m/nofp\libg.a(libc_a-mprec.o)
                0x080067f4                __mdiff
 .text.__d2b    0x0800696c       0xbc E:/Toolchain/arm-gnu-toolchain-13.3.rel1-mingw-w64-i686-arm-none-eabi/bin/../lib/gcc/arm-none-eabi/13.3.1/thumb/v7e-m/nofp\libg.a(libc_a-mprec.o)
                0x0800696c                __d2b
 .text._realloc_r
                0x08006a28      0x344 E:/Toolchain/arm-gnu-toolchain-13.3.rel1-mingw-w64-i686-arm-none-eabi/bin/../lib/gcc/arm-none-eabi/13.3.1/thumb/v7e-m/nofp\libg.a(libc_a-reallocr.o)
                0x08006a28                _realloc_r
 .text.__ascii_wctomb
                0x08006d6c       0x1c E:/Toolchain/arm-gnu-toolchain-13.3.rel1-mingw-w64-i686-arm-none-eabi/bin/../lib/gcc/arm-none-eabi/13.3.1/thumb/v7e-m/nofp\libg.a(libc_a-wctomb_r.o)
                0x08006d6c                __ascii_wctomb
 .text._wcrtomb_r
                0x08006d88       0x4c E:/Toolchain/arm-gnu-toolchain-13.3.rel1-mingw-w64-i686-arm-none-eabi/bin/../lib/gcc/arm-none-eabi/13.3.1/thumb/v7e-m/nofp\libg.a(libc_a-wcrtomb.o)
                0x08006d88                _wcrtomb_r
 .text._wcsrtombs_r
                0x08006dd4       0x1c E:/Toolchain/arm-gnu-toolchain-13.3.rel1-mingw-w64-i686-arm-none-eabi/bin/../lib/gcc/arm-none-eabi/13.3.1/thumb/v7e-m/nofp\libg.a(libc_a-wcsrtombs.o)
                0x08006dd4                _wcsrtombs_r
 .text.__smakebuf_r
                0x08006df0       0xdc E:/Toolchain/arm-gnu-toolchain-13.3.rel1-mingw-w64-i686-arm-none-eabi/bin/../lib/gcc/arm-none-eabi/13.3.1/thumb/v7e-m/nofp\libg.a(libc_a-makebuf.o)
                0x08006df0                __smakebuf_r
 .text._fstat_r
                0x08006ecc       0x2c E:/Toolchain/arm-gnu-toolchain-13.3.rel1-mingw-w64-i686-arm-none-eabi/bin/../lib/gcc/arm-none-eabi/13.3.1/thumb/v7e-m/nofp\libg.a(libc_a-fstatr.o)
                0x08006ecc                _fstat_r
 .text._isatty_r
                0x08006ef8       0x24 E:/Toolchain/arm-gnu-toolchain-13.3.rel1-mingw-w64-i686-arm-none-eabi/bin/../lib/gcc/arm-none-eabi/13.3.1/thumb/v7e-m/nofp\libg.a(libc_a-isattyr.o)
                0x08006ef8                _isatty_r
 .text.__assert_func
                0x08006f1c       0x40 E:/Toolchain/arm-gnu-toolchain-13.3.rel1-mingw-w64-i686-arm-none-eabi/bin/../lib/gcc/arm-none-eabi/13.3.1/thumb/v7e-m/nofp\libg.a(libc_a-assert.o)
                0x08006f1c                __assert_func
 .text._calloc_r
                0x08006f5c       0x6c E:/Toolchain/arm-gnu-toolchain-13.3.rel1-mingw-w64-i686-arm-none-eabi/bin/../lib/gcc/arm-none-eabi/13.3.1/thumb/v7e-m/nofp\libg.a(libc_a-callocr.o)
                0x08006f5c                _calloc_r
 .text._wcsnrtombs_l
                0x08006fc8       0xec E:/Toolchain/arm-gnu-toolchain-13.3.rel1-mingw-w64-i686-arm-none-eabi/bin/../lib/gcc/arm-none-eabi/13.3.1/thumb/v7e-m/nofp\libg.a(libc_a-wcsnrtombs.o)
                0x08006fc8                _wcsnrtombs_l
 .text._wcsnrtombs_r
                0x080070b4       0x24 E:/Toolchain/arm-gnu-toolchain-13.3.rel1-mingw-w64-i686-arm-none-eabi/bin/../lib/gcc/arm-none-eabi/13.3.1/thumb/v7e-m/nofp\libg.a(libc_a-wcsnrtombs.o)
                0x080070b4                _wcsnrtombs_r
 .text.fiprintf
                0x080070d8       0x28 E:/Toolchain/arm-gnu-toolchain-13.3.rel1-mingw-w64-i686-arm-none-eabi/bin/../lib/gcc/arm-none-eabi/13.3.1/thumb/v7e-m/nofp\libg.a(libc_a-fiprintf.o)
                0x080070d8                fiprintf
 .text._vfiprintf_r
                0x08007100      0xe6c E:/Toolchain/arm-gnu-toolchain-13.3.rel1-mingw-w64-i686-arm-none-eabi/bin/../lib/gcc/arm-none-eabi/13.3.1/thumb/v7e-m/nofp\libg.a(libc_a-vfiprintf.o)
                0x08007100                _vfiprintf_r
 .text.__sbprintf
                0x08007f6c       0x80 E:/Toolchain/arm-gnu-toolchain-13.3.rel1-mingw-w64-i686-arm-none-eabi/bin/../lib/gcc/arm-none-eabi/13.3.1/thumb/v7e-m/nofp\libg.a(libc_a-vfiprintf.o)
 .text.abort    0x08007fec       0x10 E:/Toolchain/arm-gnu-toolchain-13.3.rel1-mingw-w64-i686-arm-none-eabi/bin/../lib/gcc/arm-none-eabi/13.3.1/thumb/v7e-m/nofp\libg.a(libc_a-abort.o)
                0x08007fec                abort
 .text.raise    0x08007ffc       0x58 E:/Toolchain/arm-gnu-toolchain-13.3.rel1-mingw-w64-i686-arm-none-eabi/bin/../lib/gcc/arm-none-eabi/13.3.1/thumb/v7e-m/nofp\libg.a(libc_a-signal.o)
                0x08007ffc                raise
 .text._kill_r  0x08008054       0x2c E:/Toolchain/arm-gnu-toolchain-13.3.rel1-mingw-w64-i686-arm-none-eabi/bin/../lib/gcc/arm-none-eabi/13.3.1/thumb/v7e-m/nofp\libg.a(libc_a-signalr.o)
                0x08008054                _kill_r
 .text._getpid_r
                0x08008080        0x4 E:/Toolchain/arm-gnu-toolchain-13.3.rel1-mingw-w64-i686-arm-none-eabi/bin/../lib/gcc/arm-none-eabi/13.3.1/thumb/v7e-m/nofp\libg.a(libc_a-signalr.o)
                0x08008080                _getpid_r
 *(.glue_7)
 .glue_7        0x08008084        0x0 linker stubs
 *(.glue_7t)
 .glue_7t       0x08008084        0x0 linker stubs
 *(.eh_frame)
 .eh_frame      0x08008084        0x0 E:/Toolchain/arm-gnu-toolchain-13.3.rel1-mingw-w64-i686-arm-none-eabi/bin/../lib/gcc/arm-none-eabi/13.3.1/thumb/v7e-m/nofp/crtbegin.o
 *(.init)
 .init          0x08008084        0x4 E:/Toolchain/arm-gnu-toolchain-13.3.rel1-mingw-w64-i686-arm-none-eabi/bin/../lib/gcc/arm-none-eabi/13.3.1/thumb/v7e-m/nofp/crti.o
                0x08008084                _init
 .init          0x08008088        0x8 E:/Toolchain/arm-gnu-toolchain-13.3.rel1-mingw-w64-i686-arm-none-eabi/bin/../lib/gcc/arm-none-eabi/13.3.1/thumb/v7e-m/nofp/crtn.o
 *(.fini)
 .fini          0x08008090        0x4 E:/Toolchain/arm-gnu-toolchain-13.3.rel1-mingw-w64-i686-arm-none-eabi/bin/../lib/gcc/arm-none-eabi/13.3.1/thumb/v7e-m/nofp/crti.o
                0x08008090                _fini
 .fini          0x08008094        0x8 E:/Toolchain/arm-gnu-toolchain-13.3.rel1-mingw-w64-i686-arm-none-eabi/bin/../lib/gcc/arm-none-eabi/13.3.1/thumb/v7e-m/nofp/crtn.o
                0x0800809c                        . = ALIGN (0x4)
                0x0800809c                        _etext = .

.vfp11_veneer   0x0800809c        0x0
 .vfp11_veneer  0x0800809c        0x0 linker stubs

.v4_bx          0x0800809c        0x0
 .v4_bx         0x0800809c        0x0 linker stubs

.iplt           0x0800809c        0x0
 .iplt          0x0800809c        0x0 E:/Toolchain/arm-gnu-toolchain-13.3.rel1-mingw-w64-i686-arm-none-eabi/bin/../lib/gcc/arm-none-eabi/13.3.1/thumb/v7e-m/nofp/crtbegin.o

.rodata         0x080080a0      0x41c
                0x080080a0                        . = ALIGN (0x4)
 *(.rodata)
 *(.rodata*)
 .rodata.main.str1.4
                0x080080a0      0x1bf CMakeFiles/CLion_STM32_led.elf.dir/Core/Src/main.c.obj
                                 0x17 (size before relaxing)
 *fill*         0x0800825f        0x1 
 .rodata.APBPrescTable
                0x08008260        0x8 CMakeFiles/CLion_STM32_led.elf.dir/Core/Src/system_stm32f4xx.c.obj
                0x08008260                APBPrescTable
 .rodata.AHBPrescTable
                0x08008268       0x10 CMakeFiles/CLion_STM32_led.elf.dir/Core/Src/system_stm32f4xx.c.obj
                0x08008268                AHBPrescTable
 .rodata._vfprintf_r.str1.4
                0x08008278       0x42 E:/Toolchain/arm-gnu-toolchain-13.3.rel1-mingw-w64-i686-arm-none-eabi/bin/../lib/gcc/arm-none-eabi/13.3.1/thumb/v7e-m/nofp\libg.a(libc_a-vfprintf.o)
 .rodata.zeroes.0
                0x08008278       0x10 E:/Toolchain/arm-gnu-toolchain-13.3.rel1-mingw-w64-i686-arm-none-eabi/bin/../lib/gcc/arm-none-eabi/13.3.1/thumb/v7e-m/nofp\libg.a(libc_a-vfprintf.o)
 .rodata.blanks.1
                0x08008288       0x10 E:/Toolchain/arm-gnu-toolchain-13.3.rel1-mingw-w64-i686-arm-none-eabi/bin/../lib/gcc/arm-none-eabi/13.3.1/thumb/v7e-m/nofp\libg.a(libc_a-vfprintf.o)
 .rodata.str1.4
                0x08008298       0x4c E:/Toolchain/arm-gnu-toolchain-13.3.rel1-mingw-w64-i686-arm-none-eabi/bin/../lib/gcc/arm-none-eabi/13.3.1/thumb/v7e-m/nofp\libg.a(libc_a-locale.o)
 .rodata._dtoa_r.str1.4
                0x08008298       0x81 E:/Toolchain/arm-gnu-toolchain-13.3.rel1-mingw-w64-i686-arm-none-eabi/bin/../lib/gcc/arm-none-eabi/13.3.1/thumb/v7e-m/nofp\libg.a(libc_a-dtoa.o)
 .rodata.__multadd.str1.4
                0x08008298       0x6e E:/Toolchain/arm-gnu-toolchain-13.3.rel1-mingw-w64-i686-arm-none-eabi/bin/../lib/gcc/arm-none-eabi/13.3.1/thumb/v7e-m/nofp\libg.a(libc_a-mprec.o)
 .rodata.p05.0  0x08008298        0xc E:/Toolchain/arm-gnu-toolchain-13.3.rel1-mingw-w64-i686-arm-none-eabi/bin/../lib/gcc/arm-none-eabi/13.3.1/thumb/v7e-m/nofp\libg.a(libc_a-mprec.o)
 *fill*         0x080082a4        0x4 
 .rodata.__mprec_bigtens
                0x080082a8       0x28 E:/Toolchain/arm-gnu-toolchain-13.3.rel1-mingw-w64-i686-arm-none-eabi/bin/../lib/gcc/arm-none-eabi/13.3.1/thumb/v7e-m/nofp\libg.a(libc_a-mprec.o)
                0x080082a8                __mprec_bigtens
 .rodata.__mprec_tens
                0x080082d0       0xc8 E:/Toolchain/arm-gnu-toolchain-13.3.rel1-mingw-w64-i686-arm-none-eabi/bin/../lib/gcc/arm-none-eabi/13.3.1/thumb/v7e-m/nofp\libg.a(libc_a-mprec.o)
                0x080082d0                __mprec_tens
 .rodata._ctype_
                0x08008398      0x101 E:/Toolchain/arm-gnu-toolchain-13.3.rel1-mingw-w64-i686-arm-none-eabi/bin/../lib/gcc/arm-none-eabi/13.3.1/thumb/v7e-m/nofp\libg.a(libc_a-ctype_.o)
                0x08008398                _ctype_
 .rodata.__assert_func.str1.4
                0x08008499       0x43 E:/Toolchain/arm-gnu-toolchain-13.3.rel1-mingw-w64-i686-arm-none-eabi/bin/../lib/gcc/arm-none-eabi/13.3.1/thumb/v7e-m/nofp\libg.a(libc_a-assert.o)
 .rodata._vfiprintf_r.str1.4
                0x08008499       0x2f E:/Toolchain/arm-gnu-toolchain-13.3.rel1-mingw-w64-i686-arm-none-eabi/bin/../lib/gcc/arm-none-eabi/13.3.1/thumb/v7e-m/nofp\libg.a(libc_a-vfiprintf.o)
 *fill*         0x08008499        0x3 
 .rodata.zeroes.0
                0x0800849c       0x10 E:/Toolchain/arm-gnu-toolchain-13.3.rel1-mingw-w64-i686-arm-none-eabi/bin/../lib/gcc/arm-none-eabi/13.3.1/thumb/v7e-m/nofp\libg.a(libc_a-vfiprintf.o)
 .rodata.blanks.1
                0x080084ac       0x10 E:/Toolchain/arm-gnu-toolchain-13.3.rel1-mingw-w64-i686-arm-none-eabi/bin/../lib/gcc/arm-none-eabi/13.3.1/thumb/v7e-m/nofp\libg.a(libc_a-vfiprintf.o)
                0x080084bc                        . = ALIGN (0x4)

.ARM.extab      0x080084bc        0x0
                0x080084bc                        . = ALIGN (0x4)
 *(.ARM.extab* .gnu.linkonce.armextab.*)
                0x080084bc                        . = ALIGN (0x4)

.ARM            0x080084bc        0x8
                0x080084bc                        . = ALIGN (0x4)
                0x080084bc                        __exidx_start = .
 *(.ARM.exidx*)
 .ARM.exidx     0x080084bc        0x8 E:/Toolchain/arm-gnu-toolchain-13.3.rel1-mingw-w64-i686-arm-none-eabi/bin/../lib/gcc/arm-none-eabi/13.3.1/thumb/v7e-m/nofp\libg.a(libc_a-memchr.o)
 .ARM.exidx     0x080084c4        0x0 E:/Toolchain/arm-gnu-toolchain-13.3.rel1-mingw-w64-i686-arm-none-eabi/bin/../lib/gcc/arm-none-eabi/13.3.1/thumb/v7e-m/nofp\libg.a(libc_a-memcpy.o)
                                  0x8 (size before relaxing)
 .ARM.exidx     0x080084c4        0x0 E:/Toolchain/arm-gnu-toolchain-13.3.rel1-mingw-w64-i686-arm-none-eabi/bin/../lib/gcc/arm-none-eabi/13.3.1/thumb/v7e-m/nofp\libg.a(libc_a-strlen.o)
                                  0x8 (size before relaxing)
 .ARM.exidx.text.__udivmoddi4
                0x080084c4        0x0 E:/Toolchain/arm-gnu-toolchain-13.3.rel1-mingw-w64-i686-arm-none-eabi/bin/../lib/gcc/arm-none-eabi/13.3.1/thumb/v7e-m/nofp\libgcc.a(_udivmoddi4.o)
                                  0x8 (size before relaxing)
                0x080084c4                        __exidx_end = .
                0x080084c4                        . = ALIGN (0x4)

.preinit_array  0x080084c4        0x0
                0x080084c4                        . = ALIGN (0x4)
                0x080084c4                        PROVIDE (__preinit_array_start = .)
 *(.preinit_array*)
                0x080084c4                        PROVIDE (__preinit_array_end = .)
                0x080084c4                        . = ALIGN (0x4)

.init_array     0x080084c4        0x8
                0x080084c4                        . = ALIGN (0x4)
                0x080084c4                        PROVIDE (__init_array_start = .)
 *(SORT_BY_NAME(.init_array.*))
 .init_array.00000
                0x080084c4        0x4 E:/Toolchain/arm-gnu-toolchain-13.3.rel1-mingw-w64-i686-arm-none-eabi/bin/../lib/gcc/arm-none-eabi/13.3.1/thumb/v7e-m/nofp\libg.a(libc_a-__call_atexit.o)
 *(.init_array*)
 .init_array    0x080084c8        0x4 E:/Toolchain/arm-gnu-toolchain-13.3.rel1-mingw-w64-i686-arm-none-eabi/bin/../lib/gcc/arm-none-eabi/13.3.1/thumb/v7e-m/nofp/crtbegin.o
                0x080084cc                        PROVIDE (__init_array_end = .)
                0x080084cc                        . = ALIGN (0x4)

.fini_array     0x080084cc        0x4
                0x080084cc                        . = ALIGN (0x4)
                0x080084cc                        PROVIDE (__fini_array_start = .)
 *(SORT_BY_NAME(.fini_array.*))
 *(.fini_array*)
 .fini_array    0x080084cc        0x4 E:/Toolchain/arm-gnu-toolchain-13.3.rel1-mingw-w64-i686-arm-none-eabi/bin/../lib/gcc/arm-none-eabi/13.3.1/thumb/v7e-m/nofp/crtbegin.o
                0x080084d0                        PROVIDE (__fini_array_end = .)
                0x080084d0                        . = ALIGN (0x4)
                0x080084d0                        _sidata = LOADADDR (.data)

.rel.dyn        0x080084d0        0x0
 .rel.iplt      0x080084d0        0x0 E:/Toolchain/arm-gnu-toolchain-13.3.rel1-mingw-w64-i686-arm-none-eabi/bin/../lib/gcc/arm-none-eabi/13.3.1/thumb/v7e-m/nofp/crtbegin.o

.data           0x20000000      0x6e4 load address 0x080084d0
                0x20000000                        . = ALIGN (0x4)
                0x20000000                        _sdata = .
 *(.data)
 *(.data*)
 .data.SystemCoreClock
                0x20000000        0x4 CMakeFiles/CLion_STM32_led.elf.dir/Core/Src/system_stm32f4xx.c.obj
                0x20000000                SystemCoreClock
 .data.uwTickFreq
                0x20000004        0x1 CMakeFiles/CLion_STM32_led.elf.dir/Drivers/STM32F4xx_HAL_Driver/Src/stm32f4xx_hal.c.obj
                0x20000004                uwTickFreq
 *fill*         0x20000005        0x3 
 .data.uwTickPrio
                0x20000008        0x4 CMakeFiles/CLion_STM32_led.elf.dir/Drivers/STM32F4xx_HAL_Driver/Src/stm32f4xx_hal.c.obj
                0x20000008                uwTickPrio
 .data.__sglue  0x2000000c        0xc E:/Toolchain/arm-gnu-toolchain-13.3.rel1-mingw-w64-i686-arm-none-eabi/bin/../lib/gcc/arm-none-eabi/13.3.1/thumb/v7e-m/nofp\libg.a(libc_a-findfp.o)
                0x2000000c                __sglue
 .data._impure_ptr
                0x20000018        0x4 E:/Toolchain/arm-gnu-toolchain-13.3.rel1-mingw-w64-i686-arm-none-eabi/bin/../lib/gcc/arm-none-eabi/13.3.1/thumb/v7e-m/nofp\libg.a(libc_a-impure.o)
                0x20000018                _impure_ptr
 *fill*         0x2000001c        0x4 
 .data._impure_data
                0x20000020      0x140 E:/Toolchain/arm-gnu-toolchain-13.3.rel1-mingw-w64-i686-arm-none-eabi/bin/../lib/gcc/arm-none-eabi/13.3.1/thumb/v7e-m/nofp\libg.a(libc_a-impure.o)
                0x20000020                _impure_data
 .data.__atexit_recursive_mutex
                0x20000160        0x4 E:/Toolchain/arm-gnu-toolchain-13.3.rel1-mingw-w64-i686-arm-none-eabi/bin/../lib/gcc/arm-none-eabi/13.3.1/thumb/v7e-m/nofp\libg.a(libc_a-__call_atexit.o)
                0x20000160                __atexit_recursive_mutex
 .data.__malloc_sbrk_base
                0x20000164        0x4 E:/Toolchain/arm-gnu-toolchain-13.3.rel1-mingw-w64-i686-arm-none-eabi/bin/../lib/gcc/arm-none-eabi/13.3.1/thumb/v7e-m/nofp\libg.a(libc_a-mallocr.o)
                0x20000164                __malloc_sbrk_base
 .data.__malloc_trim_threshold
                0x20000168        0x4 E:/Toolchain/arm-gnu-toolchain-13.3.rel1-mingw-w64-i686-arm-none-eabi/bin/../lib/gcc/arm-none-eabi/13.3.1/thumb/v7e-m/nofp\libg.a(libc_a-mallocr.o)
                0x20000168                __malloc_trim_threshold
 *fill*         0x2000016c        0x4 
 .data.__malloc_av_
                0x20000170      0x408 E:/Toolchain/arm-gnu-toolchain-13.3.rel1-mingw-w64-i686-arm-none-eabi/bin/../lib/gcc/arm-none-eabi/13.3.1/thumb/v7e-m/nofp\libg.a(libc_a-mallocr.o)
                0x20000170                __malloc_av_
 .data.__global_locale
                0x20000578      0x16c E:/Toolchain/arm-gnu-toolchain-13.3.rel1-mingw-w64-i686-arm-none-eabi/bin/../lib/gcc/arm-none-eabi/13.3.1/thumb/v7e-m/nofp\libg.a(libc_a-locale.o)
                0x20000578                __global_locale
 *(.RamFunc)
 *(.RamFunc*)
                0x200006e4                        . = ALIGN (0x4)
                0x200006e4                        _edata = .
                0x08008bb4                        _siccmram = LOADADDR (.ccmram)

.tm_clone_table
                0x200006e4        0x0 load address 0x08008bb4
 .tm_clone_table
                0x200006e4        0x0 E:/Toolchain/arm-gnu-toolchain-13.3.rel1-mingw-w64-i686-arm-none-eabi/bin/../lib/gcc/arm-none-eabi/13.3.1/thumb/v7e-m/nofp/crtbegin.o
 .tm_clone_table
                0x200006e4        0x0 E:/Toolchain/arm-gnu-toolchain-13.3.rel1-mingw-w64-i686-arm-none-eabi/bin/../lib/gcc/arm-none-eabi/13.3.1/thumb/v7e-m/nofp/crtend.o

.igot.plt       0x200006e4        0x0 load address 0x08008bb4
 .igot.plt      0x200006e4        0x0 E:/Toolchain/arm-gnu-toolchain-13.3.rel1-mingw-w64-i686-arm-none-eabi/bin/../lib/gcc/arm-none-eabi/13.3.1/thumb/v7e-m/nofp/crtbegin.o

.ccmram         0x10000000        0x0 load address 0x08008bb4
                0x10000000                        . = ALIGN (0x4)
                0x10000000                        _sccmram = .
 *(.ccmram)
 *(.ccmram*)
                0x10000000                        . = ALIGN (0x4)
                0x10000000                        _eccmram = .
                0x10000000                        . = ALIGN (0x4)

.bss            0x200006e4      0x380
                0x200006e4                        _sbss = .
                0x200006e4                        __bss_start__ = _sbss
 *(.bss)
 *(.bss*)
 .bss.completed.1
                0x200006e4        0x1 E:/Toolchain/arm-gnu-toolchain-13.3.rel1-mingw-w64-i686-arm-none-eabi/bin/../lib/gcc/arm-none-eabi/13.3.1/thumb/v7e-m/nofp/crtbegin.o
 *fill*         0x200006e5        0x3 
 .bss.object.0  0x200006e8       0x18 E:/Toolchain/arm-gnu-toolchain-13.3.rel1-mingw-w64-i686-arm-none-eabi/bin/../lib/gcc/arm-none-eabi/13.3.1/thumb/v7e-m/nofp/crtbegin.o
 .bss.__sbrk_heap_end
                0x20000700        0x4 CMakeFiles/CLion_STM32_led.elf.dir/Core/Src/sysmem.c.obj
 .bss.huart1    0x20000704       0x48 CMakeFiles/CLion_STM32_led.elf.dir/Core/Src/usart.c.obj
                0x20000704                huart1
 .bss.uwTick    0x2000074c        0x4 CMakeFiles/CLion_STM32_led.elf.dir/Drivers/STM32F4xx_HAL_Driver/Src/stm32f4xx_hal.c.obj
                0x2000074c                uwTick
 .bss.__sf      0x20000750      0x138 E:/Toolchain/arm-gnu-toolchain-13.3.rel1-mingw-w64-i686-arm-none-eabi/bin/../lib/gcc/arm-none-eabi/13.3.1/thumb/v7e-m/nofp\libg.a(libc_a-findfp.o)
                0x20000750                __sf
 .bss.__stdio_exit_handler
                0x20000888        0x4 E:/Toolchain/arm-gnu-toolchain-13.3.rel1-mingw-w64-i686-arm-none-eabi/bin/../lib/gcc/arm-none-eabi/13.3.1/thumb/v7e-m/nofp\libg.a(libc_a-findfp.o)
                0x20000888                __stdio_exit_handler
 .bss.errno     0x2000088c        0x4 E:/Toolchain/arm-gnu-toolchain-13.3.rel1-mingw-w64-i686-arm-none-eabi/bin/../lib/gcc/arm-none-eabi/13.3.1/thumb/v7e-m/nofp\libg.a(libc_a-reent.o)
                0x2000088c                errno
 .bss.__lock___malloc_recursive_mutex
                0x20000890        0x1 E:/Toolchain/arm-gnu-toolchain-13.3.rel1-mingw-w64-i686-arm-none-eabi/bin/../lib/gcc/arm-none-eabi/13.3.1/thumb/v7e-m/nofp\libg.a(libc_a-lock.o)
                0x20000890                __lock___malloc_recursive_mutex
 *fill*         0x20000891        0x3 
 .bss.__lock___atexit_recursive_mutex
                0x20000894        0x1 E:/Toolchain/arm-gnu-toolchain-13.3.rel1-mingw-w64-i686-arm-none-eabi/bin/../lib/gcc/arm-none-eabi/13.3.1/thumb/v7e-m/nofp\libg.a(libc_a-lock.o)
                0x20000894                __lock___atexit_recursive_mutex
 *fill*         0x20000895        0x3 
 .bss.__lock___sfp_recursive_mutex
                0x20000898        0x1 E:/Toolchain/arm-gnu-toolchain-13.3.rel1-mingw-w64-i686-arm-none-eabi/bin/../lib/gcc/arm-none-eabi/13.3.1/thumb/v7e-m/nofp\libg.a(libc_a-lock.o)
                0x20000898                __lock___sfp_recursive_mutex
 *fill*         0x20000899        0x3 
 .bss.__atexit  0x2000089c        0x4 E:/Toolchain/arm-gnu-toolchain-13.3.rel1-mingw-w64-i686-arm-none-eabi/bin/../lib/gcc/arm-none-eabi/13.3.1/thumb/v7e-m/nofp\libg.a(libc_a-__call_atexit.o)
                0x2000089c                __atexit
 .bss.__malloc_current_mallinfo
                0x200008a0       0x28 E:/Toolchain/arm-gnu-toolchain-13.3.rel1-mingw-w64-i686-arm-none-eabi/bin/../lib/gcc/arm-none-eabi/13.3.1/thumb/v7e-m/nofp\libg.a(libc_a-mallocr.o)
                0x200008a0                __malloc_current_mallinfo
 .bss.__malloc_max_total_mem
                0x200008c8        0x4 E:/Toolchain/arm-gnu-toolchain-13.3.rel1-mingw-w64-i686-arm-none-eabi/bin/../lib/gcc/arm-none-eabi/13.3.1/thumb/v7e-m/nofp\libg.a(libc_a-mallocr.o)
                0x200008c8                __malloc_max_total_mem
 .bss.__malloc_max_sbrked_mem
                0x200008cc        0x4 E:/Toolchain/arm-gnu-toolchain-13.3.rel1-mingw-w64-i686-arm-none-eabi/bin/../lib/gcc/arm-none-eabi/13.3.1/thumb/v7e-m/nofp\libg.a(libc_a-mallocr.o)
                0x200008cc                __malloc_max_sbrked_mem
 .bss.__malloc_top_pad
                0x200008d0        0x4 E:/Toolchain/arm-gnu-toolchain-13.3.rel1-mingw-w64-i686-arm-none-eabi/bin/../lib/gcc/arm-none-eabi/13.3.1/thumb/v7e-m/nofp\libg.a(libc_a-mallocr.o)
                0x200008d0                __malloc_top_pad
 .bss.__atexit0
                0x200008d4      0x190 E:/Toolchain/arm-gnu-toolchain-13.3.rel1-mingw-w64-i686-arm-none-eabi/bin/../lib/gcc/arm-none-eabi/13.3.1/thumb/v7e-m/nofp\libg.a(libc_a-__atexit.o)
                0x200008d4                __atexit0
 *(COMMON)
                0x20000a64                        . = ALIGN (0x4)
                0x20000a64                        _ebss = .
                0x20000a64                        __bss_end__ = _ebss

._user_heap_stack
                0x20000a64      0x604
                0x20000a68                        . = ALIGN (0x8)
 *fill*         0x20000a64        0x4 
                [!provide]                        PROVIDE (end = .)
                0x20000a68                        PROVIDE (_end = .)
                0x20000c68                        . = (. + _Min_Heap_Size)
 *fill*         0x20000a68      0x200 
                0x20001068                        . = (. + _Min_Stack_Size)
 *fill*         0x20000c68      0x400 
                0x20001068                        . = ALIGN (0x8)

/DISCARD/
 libc.a(*)
 libm.a(*)
 libgcc.a(*)

.ARM.attributes
                0x00000000       0x2a
 *(.ARM.attributes)
 .ARM.attributes
                0x00000000       0x1e E:/Toolchain/arm-gnu-toolchain-13.3.rel1-mingw-w64-i686-arm-none-eabi/bin/../lib/gcc/arm-none-eabi/13.3.1/thumb/v7e-m/nofp/crti.o
 .ARM.attributes
                0x0000001e       0x2e E:/Toolchain/arm-gnu-toolchain-13.3.rel1-mingw-w64-i686-arm-none-eabi/bin/../lib/gcc/arm-none-eabi/13.3.1/thumb/v7e-m/nofp/crtbegin.o
 .ARM.attributes
                0x0000004c       0x2e CMakeFiles/CLion_STM32_led.elf.dir/Core/Src/gpio.c.obj
 .ARM.attributes
                0x0000007a       0x2e CMakeFiles/CLion_STM32_led.elf.dir/Core/Src/main.c.obj
 .ARM.attributes
                0x000000a8       0x2e CMakeFiles/CLion_STM32_led.elf.dir/Core/Src/stm32f4xx_hal_msp.c.obj
 .ARM.attributes
                0x000000d6       0x2e CMakeFiles/CLion_STM32_led.elf.dir/Core/Src/stm32f4xx_it.c.obj
 .ARM.attributes
                0x00000104       0x2e CMakeFiles/CLion_STM32_led.elf.dir/Core/Src/syscalls.c.obj
 .ARM.attributes
                0x00000132       0x2e CMakeFiles/CLion_STM32_led.elf.dir/Core/Src/sysmem.c.obj
 .ARM.attributes
                0x00000160       0x2e CMakeFiles/CLion_STM32_led.elf.dir/Core/Src/system_stm32f4xx.c.obj
 .ARM.attributes
                0x0000018e       0x2e CMakeFiles/CLion_STM32_led.elf.dir/Core/Src/usart.c.obj
 .ARM.attributes
                0x000001bc       0x21 CMakeFiles/CLion_STM32_led.elf.dir/Core/Startup/startup_stm32f407vetx.s.obj
 .ARM.attributes
                0x000001dd       0x2e CMakeFiles/CLion_STM32_led.elf.dir/Drivers/STM32F4xx_HAL_Driver/Src/stm32f4xx_hal.c.obj
 .ARM.attributes
                0x0000020b       0x2e CMakeFiles/CLion_STM32_led.elf.dir/Drivers/STM32F4xx_HAL_Driver/Src/stm32f4xx_hal_cortex.c.obj
 .ARM.attributes
                0x00000239       0x2e CMakeFiles/CLion_STM32_led.elf.dir/Drivers/STM32F4xx_HAL_Driver/Src/stm32f4xx_hal_gpio.c.obj
 .ARM.attributes
                0x00000267       0x2e CMakeFiles/CLion_STM32_led.elf.dir/Drivers/STM32F4xx_HAL_Driver/Src/stm32f4xx_hal_rcc.c.obj
 .ARM.attributes
                0x00000295       0x2e CMakeFiles/CLion_STM32_led.elf.dir/Drivers/STM32F4xx_HAL_Driver/Src/stm32f4xx_hal_uart.c.obj
 .ARM.attributes
                0x000002c3       0x1e E:/Toolchain/arm-gnu-toolchain-13.3.rel1-mingw-w64-i686-arm-none-eabi/bin/../lib/gcc/arm-none-eabi/13.3.1/thumb/v7e-m/nofp\libgcc.a(_aeabi_uldivmod.o)
 .ARM.attributes
                0x000002e1       0x2e E:/Toolchain/arm-gnu-toolchain-13.3.rel1-mingw-w64-i686-arm-none-eabi/bin/../lib/gcc/arm-none-eabi/13.3.1/thumb/v7e-m/nofp\libgcc.a(_udivmoddi4.o)
 .ARM.attributes
                0x0000030f       0x1e E:/Toolchain/arm-gnu-toolchain-13.3.rel1-mingw-w64-i686-arm-none-eabi/bin/../lib/gcc/arm-none-eabi/13.3.1/thumb/v7e-m/nofp\libgcc.a(_dvmd_tls.o)
 .ARM.attributes
                0x0000032d       0x2e E:/Toolchain/arm-gnu-toolchain-13.3.rel1-mingw-w64-i686-arm-none-eabi/bin/../lib/gcc/arm-none-eabi/13.3.1/thumb/v7e-m/nofp\libg.a(libc_a-findfp.o)
 .ARM.attributes
                0x0000035b       0x2e E:/Toolchain/arm-gnu-toolchain-13.3.rel1-mingw-w64-i686-arm-none-eabi/bin/../lib/gcc/arm-none-eabi/13.3.1/thumb/v7e-m/nofp\libg.a(libc_a-fwalk.o)
 .ARM.attributes
                0x00000389       0x2e E:/Toolchain/arm-gnu-toolchain-13.3.rel1-mingw-w64-i686-arm-none-eabi/bin/../lib/gcc/arm-none-eabi/13.3.1/thumb/v7e-m/nofp\libg.a(libc_a-printf.o)
 .ARM.attributes
                0x000003b7       0x2e E:/Toolchain/arm-gnu-toolchain-13.3.rel1-mingw-w64-i686-arm-none-eabi/bin/../lib/gcc/arm-none-eabi/13.3.1/thumb/v7e-m/nofp\libg.a(libc_a-stdio.o)
 .ARM.attributes
                0x000003e5       0x2e E:/Toolchain/arm-gnu-toolchain-13.3.rel1-mingw-w64-i686-arm-none-eabi/bin/../lib/gcc/arm-none-eabi/13.3.1/thumb/v7e-m/nofp\libg.a(libc_a-memset.o)
 .ARM.attributes
                0x00000413       0x2e E:/Toolchain/arm-gnu-toolchain-13.3.rel1-mingw-w64-i686-arm-none-eabi/bin/../lib/gcc/arm-none-eabi/13.3.1/thumb/v7e-m/nofp\libg.a(libc_a-closer.o)
 .ARM.attributes
                0x00000441       0x2e E:/Toolchain/arm-gnu-toolchain-13.3.rel1-mingw-w64-i686-arm-none-eabi/bin/../lib/gcc/arm-none-eabi/13.3.1/thumb/v7e-m/nofp\libg.a(libc_a-reent.o)
 .ARM.attributes
                0x0000046f       0x2e E:/Toolchain/arm-gnu-toolchain-13.3.rel1-mingw-w64-i686-arm-none-eabi/bin/../lib/gcc/arm-none-eabi/13.3.1/thumb/v7e-m/nofp\libg.a(libc_a-impure.o)
 .ARM.attributes
                0x0000049d       0x2e E:/Toolchain/arm-gnu-toolchain-13.3.rel1-mingw-w64-i686-arm-none-eabi/bin/../lib/gcc/arm-none-eabi/13.3.1/thumb/v7e-m/nofp\libg.a(libc_a-lseekr.o)
 .ARM.attributes
                0x000004cb       0x2e E:/Toolchain/arm-gnu-toolchain-13.3.rel1-mingw-w64-i686-arm-none-eabi/bin/../lib/gcc/arm-none-eabi/13.3.1/thumb/v7e-m/nofp\libg.a(libc_a-readr.o)
 .ARM.attributes
                0x000004f9       0x2e E:/Toolchain/arm-gnu-toolchain-13.3.rel1-mingw-w64-i686-arm-none-eabi/bin/../lib/gcc/arm-none-eabi/13.3.1/thumb/v7e-m/nofp\libg.a(libc_a-writer.o)
 .ARM.attributes
                0x00000527       0x2e E:/Toolchain/arm-gnu-toolchain-13.3.rel1-mingw-w64-i686-arm-none-eabi/bin/../lib/gcc/arm-none-eabi/13.3.1/thumb/v7e-m/nofp\libg.a(libc_a-errno.o)
 .ARM.attributes
                0x00000555       0x2e E:/Toolchain/arm-gnu-toolchain-13.3.rel1-mingw-w64-i686-arm-none-eabi/bin/../lib/gcc/arm-none-eabi/13.3.1/thumb/v7e-m/nofp\libg.a(libc_a-init.o)
 .ARM.attributes
                0x00000583       0x2e E:/Toolchain/arm-gnu-toolchain-13.3.rel1-mingw-w64-i686-arm-none-eabi/bin/../lib/gcc/arm-none-eabi/13.3.1/thumb/v7e-m/nofp\libg.a(libc_a-lock.o)
 .ARM.attributes
                0x000005b1       0x2e E:/Toolchain/arm-gnu-toolchain-13.3.rel1-mingw-w64-i686-arm-none-eabi/bin/../lib/gcc/arm-none-eabi/13.3.1/thumb/v7e-m/nofp\libg.a(libc_a-__call_atexit.o)
 .ARM.attributes
                0x000005df       0x2e E:/Toolchain/arm-gnu-toolchain-13.3.rel1-mingw-w64-i686-arm-none-eabi/bin/../lib/gcc/arm-none-eabi/13.3.1/thumb/v7e-m/nofp\libg.a(libc_a-atexit.o)
 .ARM.attributes
                0x0000060d       0x2e E:/Toolchain/arm-gnu-toolchain-13.3.rel1-mingw-w64-i686-arm-none-eabi/bin/../lib/gcc/arm-none-eabi/13.3.1/thumb/v7e-m/nofp\libg.a(libc_a-freer.o)
 .ARM.attributes
                0x0000063b       0x2e E:/Toolchain/arm-gnu-toolchain-13.3.rel1-mingw-w64-i686-arm-none-eabi/bin/../lib/gcc/arm-none-eabi/13.3.1/thumb/v7e-m/nofp\libg.a(libc_a-mallocr.o)
 .ARM.attributes
                0x00000669       0x2e E:/Toolchain/arm-gnu-toolchain-13.3.rel1-mingw-w64-i686-arm-none-eabi/bin/../lib/gcc/arm-none-eabi/13.3.1/thumb/v7e-m/nofp\libg.a(libc_a-mlock.o)
 .ARM.attributes
                0x00000697       0x2e E:/Toolchain/arm-gnu-toolchain-13.3.rel1-mingw-w64-i686-arm-none-eabi/bin/../lib/gcc/arm-none-eabi/13.3.1/thumb/v7e-m/nofp\libg.a(libc_a-vfprintf.o)
 .ARM.attributes
                0x000006c5       0x2e E:/Toolchain/arm-gnu-toolchain-13.3.rel1-mingw-w64-i686-arm-none-eabi/bin/../lib/gcc/arm-none-eabi/13.3.1/thumb/v7e-m/nofp\libg.a(libc_a-sprint_r.o)
 .ARM.attributes
                0x000006f3       0x2e E:/Toolchain/arm-gnu-toolchain-13.3.rel1-mingw-w64-i686-arm-none-eabi/bin/../lib/gcc/arm-none-eabi/13.3.1/thumb/v7e-m/nofp\libg.a(libc_a-fclose.o)
 .ARM.attributes
                0x00000721       0x2e E:/Toolchain/arm-gnu-toolchain-13.3.rel1-mingw-w64-i686-arm-none-eabi/bin/../lib/gcc/arm-none-eabi/13.3.1/thumb/v7e-m/nofp\libg.a(libc_a-fflush.o)
 .ARM.attributes
                0x0000074f       0x2e E:/Toolchain/arm-gnu-toolchain-13.3.rel1-mingw-w64-i686-arm-none-eabi/bin/../lib/gcc/arm-none-eabi/13.3.1/thumb/v7e-m/nofp\libg.a(libc_a-fvwrite.o)
 .ARM.attributes
                0x0000077d       0x2e E:/Toolchain/arm-gnu-toolchain-13.3.rel1-mingw-w64-i686-arm-none-eabi/bin/../lib/gcc/arm-none-eabi/13.3.1/thumb/v7e-m/nofp\libg.a(libc_a-wsetup.o)
 .ARM.attributes
                0x000007ab       0x2e E:/Toolchain/arm-gnu-toolchain-13.3.rel1-mingw-w64-i686-arm-none-eabi/bin/../lib/gcc/arm-none-eabi/13.3.1/thumb/v7e-m/nofp\libg.a(libc_a-memmove.o)
 .ARM.attributes
                0x000007d9       0x2e E:/Toolchain/arm-gnu-toolchain-13.3.rel1-mingw-w64-i686-arm-none-eabi/bin/../lib/gcc/arm-none-eabi/13.3.1/thumb/v7e-m/nofp\libg.a(libc_a-strncpy.o)
 .ARM.attributes
                0x00000807       0x2e E:/Toolchain/arm-gnu-toolchain-13.3.rel1-mingw-w64-i686-arm-none-eabi/bin/../lib/gcc/arm-none-eabi/13.3.1/thumb/v7e-m/nofp\libg.a(libc_a-locale.o)
 .ARM.attributes
                0x00000835       0x2e E:/Toolchain/arm-gnu-toolchain-13.3.rel1-mingw-w64-i686-arm-none-eabi/bin/../lib/gcc/arm-none-eabi/13.3.1/thumb/v7e-m/nofp\libg.a(libc_a-localeconv.o)
 .ARM.attributes
                0x00000863       0x2e E:/Toolchain/arm-gnu-toolchain-13.3.rel1-mingw-w64-i686-arm-none-eabi/bin/../lib/gcc/arm-none-eabi/13.3.1/thumb/v7e-m/nofp\libg.a(libc_a-sbrkr.o)
 .ARM.attributes
                0x00000891       0x2e E:/Toolchain/arm-gnu-toolchain-13.3.rel1-mingw-w64-i686-arm-none-eabi/bin/../lib/gcc/arm-none-eabi/13.3.1/thumb/v7e-m/nofp\libg.a(libc_a-fini.o)
 .ARM.attributes
                0x000008bf       0x2e E:/Toolchain/arm-gnu-toolchain-13.3.rel1-mingw-w64-i686-arm-none-eabi/bin/../lib/gcc/arm-none-eabi/13.3.1/thumb/v7e-m/nofp\libg.a(libc_a-sysconf.o)
 .ARM.attributes
                0x000008ed       0x1c E:/Toolchain/arm-gnu-toolchain-13.3.rel1-mingw-w64-i686-arm-none-eabi/bin/../lib/gcc/arm-none-eabi/13.3.1/thumb/v7e-m/nofp\libg.a(libc_a-memchr.o)
 .ARM.attributes
                0x00000909       0x1c E:/Toolchain/arm-gnu-toolchain-13.3.rel1-mingw-w64-i686-arm-none-eabi/bin/../lib/gcc/arm-none-eabi/13.3.1/thumb/v7e-m/nofp\libg.a(libc_a-memcpy.o)
 .ARM.attributes
                0x00000925       0x1c E:/Toolchain/arm-gnu-toolchain-13.3.rel1-mingw-w64-i686-arm-none-eabi/bin/../lib/gcc/arm-none-eabi/13.3.1/thumb/v7e-m/nofp\libg.a(libc_a-strlen.o)
 .ARM.attributes
                0x00000941       0x2e E:/Toolchain/arm-gnu-toolchain-13.3.rel1-mingw-w64-i686-arm-none-eabi/bin/../lib/gcc/arm-none-eabi/13.3.1/thumb/v7e-m/nofp\libg.a(libm_a-s_frexp.o)
 .ARM.attributes
                0x0000096f       0x2e E:/Toolchain/arm-gnu-toolchain-13.3.rel1-mingw-w64-i686-arm-none-eabi/bin/../lib/gcc/arm-none-eabi/13.3.1/thumb/v7e-m/nofp\libg.a(libc_a-__atexit.o)
 .ARM.attributes
                0x0000099d       0x2e E:/Toolchain/arm-gnu-toolchain-13.3.rel1-mingw-w64-i686-arm-none-eabi/bin/../lib/gcc/arm-none-eabi/13.3.1/thumb/v7e-m/nofp\libg.a(libc_a-dtoa.o)
 .ARM.attributes
                0x000009cb       0x2e E:/Toolchain/arm-gnu-toolchain-13.3.rel1-mingw-w64-i686-arm-none-eabi/bin/../lib/gcc/arm-none-eabi/13.3.1/thumb/v7e-m/nofp\libg.a(libc_a-mbtowc_r.o)
 .ARM.attributes
                0x000009f9       0x2e E:/Toolchain/arm-gnu-toolchain-13.3.rel1-mingw-w64-i686-arm-none-eabi/bin/../lib/gcc/arm-none-eabi/13.3.1/thumb/v7e-m/nofp\libg.a(libc_a-mprec.o)
 .ARM.attributes
                0x00000a27       0x2e E:/Toolchain/arm-gnu-toolchain-13.3.rel1-mingw-w64-i686-arm-none-eabi/bin/../lib/gcc/arm-none-eabi/13.3.1/thumb/v7e-m/nofp\libg.a(libc_a-reallocr.o)
 .ARM.attributes
                0x00000a55       0x2e E:/Toolchain/arm-gnu-toolchain-13.3.rel1-mingw-w64-i686-arm-none-eabi/bin/../lib/gcc/arm-none-eabi/13.3.1/thumb/v7e-m/nofp\libg.a(libc_a-wctomb_r.o)
 .ARM.attributes
                0x00000a83       0x2e E:/Toolchain/arm-gnu-toolchain-13.3.rel1-mingw-w64-i686-arm-none-eabi/bin/../lib/gcc/arm-none-eabi/13.3.1/thumb/v7e-m/nofp\libg.a(libc_a-wcrtomb.o)
 .ARM.attributes
                0x00000ab1       0x2e E:/Toolchain/arm-gnu-toolchain-13.3.rel1-mingw-w64-i686-arm-none-eabi/bin/../lib/gcc/arm-none-eabi/13.3.1/thumb/v7e-m/nofp\libg.a(libc_a-wcsrtombs.o)
 .ARM.attributes
                0x00000adf       0x2e E:/Toolchain/arm-gnu-toolchain-13.3.rel1-mingw-w64-i686-arm-none-eabi/bin/../lib/gcc/arm-none-eabi/13.3.1/thumb/v7e-m/nofp\libg.a(libc_a-ctype_.o)
 .ARM.attributes
                0x00000b0d       0x2e E:/Toolchain/arm-gnu-toolchain-13.3.rel1-mingw-w64-i686-arm-none-eabi/bin/../lib/gcc/arm-none-eabi/13.3.1/thumb/v7e-m/nofp\libg.a(libc_a-makebuf.o)
 .ARM.attributes
                0x00000b3b       0x2e E:/Toolchain/arm-gnu-toolchain-13.3.rel1-mingw-w64-i686-arm-none-eabi/bin/../lib/gcc/arm-none-eabi/13.3.1/thumb/v7e-m/nofp\libg.a(libc_a-fstatr.o)
 .ARM.attributes
                0x00000b69       0x2e E:/Toolchain/arm-gnu-toolchain-13.3.rel1-mingw-w64-i686-arm-none-eabi/bin/../lib/gcc/arm-none-eabi/13.3.1/thumb/v7e-m/nofp\libg.a(libc_a-isattyr.o)
 .ARM.attributes
                0x00000b97       0x2e E:/Toolchain/arm-gnu-toolchain-13.3.rel1-mingw-w64-i686-arm-none-eabi/bin/../lib/gcc/arm-none-eabi/13.3.1/thumb/v7e-m/nofp\libg.a(libc_a-assert.o)
 .ARM.attributes
                0x00000bc5       0x2e E:/Toolchain/arm-gnu-toolchain-13.3.rel1-mingw-w64-i686-arm-none-eabi/bin/../lib/gcc/arm-none-eabi/13.3.1/thumb/v7e-m/nofp\libg.a(libc_a-callocr.o)
 .ARM.attributes
                0x00000bf3       0x2e E:/Toolchain/arm-gnu-toolchain-13.3.rel1-mingw-w64-i686-arm-none-eabi/bin/../lib/gcc/arm-none-eabi/13.3.1/thumb/v7e-m/nofp\libg.a(libc_a-wcsnrtombs.o)
 .ARM.attributes
                0x00000c21       0x2e E:/Toolchain/arm-gnu-toolchain-13.3.rel1-mingw-w64-i686-arm-none-eabi/bin/../lib/gcc/arm-none-eabi/13.3.1/thumb/v7e-m/nofp\libg.a(libc_a-fiprintf.o)
 .ARM.attributes
                0x00000c4f       0x2e E:/Toolchain/arm-gnu-toolchain-13.3.rel1-mingw-w64-i686-arm-none-eabi/bin/../lib/gcc/arm-none-eabi/13.3.1/thumb/v7e-m/nofp\libg.a(libc_a-vfiprintf.o)
 .ARM.attributes
                0x00000c7d       0x2e E:/Toolchain/arm-gnu-toolchain-13.3.rel1-mingw-w64-i686-arm-none-eabi/bin/../lib/gcc/arm-none-eabi/13.3.1/thumb/v7e-m/nofp\libg.a(libc_a-abort.o)
 .ARM.attributes
                0x00000cab       0x2e E:/Toolchain/arm-gnu-toolchain-13.3.rel1-mingw-w64-i686-arm-none-eabi/bin/../lib/gcc/arm-none-eabi/13.3.1/thumb/v7e-m/nofp\libg.a(libc_a-signal.o)
 .ARM.attributes
                0x00000cd9       0x2e E:/Toolchain/arm-gnu-toolchain-13.3.rel1-mingw-w64-i686-arm-none-eabi/bin/../lib/gcc/arm-none-eabi/13.3.1/thumb/v7e-m/nofp\libg.a(libc_a-signalr.o)
 .ARM.attributes
                0x00000d07       0x1e E:/Toolchain/arm-gnu-toolchain-13.3.rel1-mingw-w64-i686-arm-none-eabi/bin/../lib/gcc/arm-none-eabi/13.3.1/thumb/v7e-m/nofp\libgcc.a(_arm_addsubdf3.o)
 .ARM.attributes
                0x00000d25       0x1e E:/Toolchain/arm-gnu-toolchain-13.3.rel1-mingw-w64-i686-arm-none-eabi/bin/../lib/gcc/arm-none-eabi/13.3.1/thumb/v7e-m/nofp\libgcc.a(_arm_muldivdf3.o)
 .ARM.attributes
                0x00000d43       0x1e E:/Toolchain/arm-gnu-toolchain-13.3.rel1-mingw-w64-i686-arm-none-eabi/bin/../lib/gcc/arm-none-eabi/13.3.1/thumb/v7e-m/nofp\libgcc.a(_arm_cmpdf2.o)
 .ARM.attributes
                0x00000d61       0x1e E:/Toolchain/arm-gnu-toolchain-13.3.rel1-mingw-w64-i686-arm-none-eabi/bin/../lib/gcc/arm-none-eabi/13.3.1/thumb/v7e-m/nofp\libgcc.a(_arm_unorddf2.o)
 .ARM.attributes
                0x00000d7f       0x1e E:/Toolchain/arm-gnu-toolchain-13.3.rel1-mingw-w64-i686-arm-none-eabi/bin/../lib/gcc/arm-none-eabi/13.3.1/thumb/v7e-m/nofp\libgcc.a(_arm_fixdfsi.o)
 .ARM.attributes
                0x00000d9d       0x2e E:/Toolchain/arm-gnu-toolchain-13.3.rel1-mingw-w64-i686-arm-none-eabi/bin/../lib/gcc/arm-none-eabi/13.3.1/thumb/v7e-m/nofp/crtend.o
 .ARM.attributes
                0x00000dcb       0x1e E:/Toolchain/arm-gnu-toolchain-13.3.rel1-mingw-w64-i686-arm-none-eabi/bin/../lib/gcc/arm-none-eabi/13.3.1/thumb/v7e-m/nofp/crtn.o
OUTPUT(CLion_STM32_led.elf elf32-littlearm)
LOAD linker stubs
LOAD E:/Toolchain/arm-gnu-toolchain-13.3.rel1-mingw-w64-i686-arm-none-eabi/bin/../lib/gcc/arm-none-eabi/13.3.1/thumb/v7e-m/nofp\libc.a
LOAD E:/Toolchain/arm-gnu-toolchain-13.3.rel1-mingw-w64-i686-arm-none-eabi/bin/../lib/gcc/arm-none-eabi/13.3.1/thumb/v7e-m/nofp\libm.a
LOAD E:/Toolchain/arm-gnu-toolchain-13.3.rel1-mingw-w64-i686-arm-none-eabi/bin/../lib/gcc/arm-none-eabi/13.3.1/thumb/v7e-m/nofp\libgcc.a

.debug_info     0x00000000     0x9003
 .debug_info    0x00000000      0x422 CMakeFiles/CLion_STM32_led.elf.dir/Core/Src/gpio.c.obj
 .debug_info    0x00000422      0x6c8 CMakeFiles/CLion_STM32_led.elf.dir/Core/Src/main.c.obj
 .debug_info    0x00000aea      0x265 CMakeFiles/CLion_STM32_led.elf.dir/Core/Src/stm32f4xx_hal_msp.c.obj
 .debug_info    0x00000d4f      0x11c CMakeFiles/CLion_STM32_led.elf.dir/Core/Src/stm32f4xx_it.c.obj
 .debug_info    0x00000e6b      0x789 CMakeFiles/CLion_STM32_led.elf.dir/Core/Src/syscalls.c.obj
 .debug_info    0x000015f4      0x171 CMakeFiles/CLion_STM32_led.elf.dir/Core/Src/sysmem.c.obj
 .debug_info    0x00001765      0x334 CMakeFiles/CLion_STM32_led.elf.dir/Core/Src/system_stm32f4xx.c.obj
 .debug_info    0x00001a99      0x9f2 CMakeFiles/CLion_STM32_led.elf.dir/Core/Src/usart.c.obj
 .debug_info    0x0000248b       0x30 CMakeFiles/CLion_STM32_led.elf.dir/Core/Startup/startup_stm32f407vetx.s.obj
 .debug_info    0x000024bb      0x9e2 CMakeFiles/CLion_STM32_led.elf.dir/Drivers/STM32F4xx_HAL_Driver/Src/stm32f4xx_hal.c.obj
 .debug_info    0x00002e9d      0xff5 CMakeFiles/CLion_STM32_led.elf.dir/Drivers/STM32F4xx_HAL_Driver/Src/stm32f4xx_hal_cortex.c.obj
 .debug_info    0x00003e92      0x704 CMakeFiles/CLion_STM32_led.elf.dir/Drivers/STM32F4xx_HAL_Driver/Src/stm32f4xx_hal_gpio.c.obj
 .debug_info    0x00004596      0xa6d CMakeFiles/CLion_STM32_led.elf.dir/Drivers/STM32F4xx_HAL_Driver/Src/stm32f4xx_hal_rcc.c.obj
 .debug_info    0x00005003     0x4000 CMakeFiles/CLion_STM32_led.elf.dir/Drivers/STM32F4xx_HAL_Driver/Src/stm32f4xx_hal_uart.c.obj

.debug_abbrev   0x00000000     0x1934
 .debug_abbrev  0x00000000      0x164 CMakeFiles/CLion_STM32_led.elf.dir/Core/Src/gpio.c.obj
 .debug_abbrev  0x00000164      0x250 CMakeFiles/CLion_STM32_led.elf.dir/Core/Src/main.c.obj
 .debug_abbrev  0x000003b4       0xd6 CMakeFiles/CLion_STM32_led.elf.dir/Core/Src/stm32f4xx_hal_msp.c.obj
 .debug_abbrev  0x0000048a       0x7c CMakeFiles/CLion_STM32_led.elf.dir/Core/Src/stm32f4xx_it.c.obj
 .debug_abbrev  0x00000506      0x1c1 CMakeFiles/CLion_STM32_led.elf.dir/Core/Src/syscalls.c.obj
 .debug_abbrev  0x000006c7       0xea CMakeFiles/CLion_STM32_led.elf.dir/Core/Src/sysmem.c.obj
 .debug_abbrev  0x000007b1      0x120 CMakeFiles/CLion_STM32_led.elf.dir/Core/Src/system_stm32f4xx.c.obj
 .debug_abbrev  0x000008d1      0x276 CMakeFiles/CLion_STM32_led.elf.dir/Core/Src/usart.c.obj
 .debug_abbrev  0x00000b47       0x24 CMakeFiles/CLion_STM32_led.elf.dir/Core/Startup/startup_stm32f407vetx.s.obj
 .debug_abbrev  0x00000b6b      0x240 CMakeFiles/CLion_STM32_led.elf.dir/Drivers/STM32F4xx_HAL_Driver/Src/stm32f4xx_hal.c.obj
 .debug_abbrev  0x00000dab      0x391 CMakeFiles/CLion_STM32_led.elf.dir/Drivers/STM32F4xx_HAL_Driver/Src/stm32f4xx_hal_cortex.c.obj
 .debug_abbrev  0x0000113c      0x202 CMakeFiles/CLion_STM32_led.elf.dir/Drivers/STM32F4xx_HAL_Driver/Src/stm32f4xx_hal_gpio.c.obj
 .debug_abbrev  0x0000133e      0x2c7 CMakeFiles/CLion_STM32_led.elf.dir/Drivers/STM32F4xx_HAL_Driver/Src/stm32f4xx_hal_rcc.c.obj
 .debug_abbrev  0x00001605      0x32f CMakeFiles/CLion_STM32_led.elf.dir/Drivers/STM32F4xx_HAL_Driver/Src/stm32f4xx_hal_uart.c.obj

.debug_aranges  0x00000000      0x6f0
 .debug_aranges
                0x00000000       0x20 CMakeFiles/CLion_STM32_led.elf.dir/Core/Src/gpio.c.obj
 .debug_aranges
                0x00000020       0x30 CMakeFiles/CLion_STM32_led.elf.dir/Core/Src/main.c.obj
 .debug_aranges
                0x00000050       0x20 CMakeFiles/CLion_STM32_led.elf.dir/Core/Src/stm32f4xx_hal_msp.c.obj
 .debug_aranges
                0x00000070       0x60 CMakeFiles/CLion_STM32_led.elf.dir/Core/Src/stm32f4xx_it.c.obj
 .debug_aranges
                0x000000d0       0xa8 CMakeFiles/CLion_STM32_led.elf.dir/Core/Src/syscalls.c.obj
 .debug_aranges
                0x00000178       0x20 CMakeFiles/CLion_STM32_led.elf.dir/Core/Src/sysmem.c.obj
 .debug_aranges
                0x00000198       0x28 CMakeFiles/CLion_STM32_led.elf.dir/Core/Src/system_stm32f4xx.c.obj
 .debug_aranges
                0x000001c0       0x38 CMakeFiles/CLion_STM32_led.elf.dir/Core/Src/usart.c.obj
 .debug_aranges
                0x000001f8       0x28 CMakeFiles/CLion_STM32_led.elf.dir/Core/Startup/startup_stm32f407vetx.s.obj
 .debug_aranges
                0x00000220       0xf0 CMakeFiles/CLion_STM32_led.elf.dir/Drivers/STM32F4xx_HAL_Driver/Src/stm32f4xx_hal.c.obj
 .debug_aranges
                0x00000310       0xf8 CMakeFiles/CLion_STM32_led.elf.dir/Drivers/STM32F4xx_HAL_Driver/Src/stm32f4xx_hal_cortex.c.obj
 .debug_aranges
                0x00000408       0x58 CMakeFiles/CLion_STM32_led.elf.dir/Drivers/STM32F4xx_HAL_Driver/Src/stm32f4xx_hal_gpio.c.obj
 .debug_aranges
                0x00000460       0x88 CMakeFiles/CLion_STM32_led.elf.dir/Drivers/STM32F4xx_HAL_Driver/Src/stm32f4xx_hal_rcc.c.obj
 .debug_aranges
                0x000004e8      0x208 CMakeFiles/CLion_STM32_led.elf.dir/Drivers/STM32F4xx_HAL_Driver/Src/stm32f4xx_hal_uart.c.obj

.debug_rnglists
                0x00000000      0x532
 .debug_rnglists
                0x00000000       0x13 CMakeFiles/CLion_STM32_led.elf.dir/Core/Src/gpio.c.obj
 .debug_rnglists
                0x00000013       0x2c CMakeFiles/CLion_STM32_led.elf.dir/Core/Src/main.c.obj
 .debug_rnglists
                0x0000003f       0x13 CMakeFiles/CLion_STM32_led.elf.dir/Core/Src/stm32f4xx_hal_msp.c.obj
 .debug_rnglists
                0x00000052       0x43 CMakeFiles/CLion_STM32_led.elf.dir/Core/Src/stm32f4xx_it.c.obj
 .debug_rnglists
                0x00000095       0x79 CMakeFiles/CLion_STM32_led.elf.dir/Core/Src/syscalls.c.obj
 .debug_rnglists
                0x0000010e       0x13 CMakeFiles/CLion_STM32_led.elf.dir/Core/Src/sysmem.c.obj
 .debug_rnglists
                0x00000121       0x1a CMakeFiles/CLion_STM32_led.elf.dir/Core/Src/system_stm32f4xx.c.obj
 .debug_rnglists
                0x0000013b       0x25 CMakeFiles/CLion_STM32_led.elf.dir/Core/Src/usart.c.obj
 .debug_rnglists
                0x00000160       0x19 CMakeFiles/CLion_STM32_led.elf.dir/Core/Startup/startup_stm32f407vetx.s.obj
 .debug_rnglists
                0x00000179       0xaf CMakeFiles/CLion_STM32_led.elf.dir/Drivers/STM32F4xx_HAL_Driver/Src/stm32f4xx_hal.c.obj
 .debug_rnglists
                0x00000228       0xb5 CMakeFiles/CLion_STM32_led.elf.dir/Drivers/STM32F4xx_HAL_Driver/Src/stm32f4xx_hal_cortex.c.obj
 .debug_rnglists
                0x000002dd       0x3f CMakeFiles/CLion_STM32_led.elf.dir/Drivers/STM32F4xx_HAL_Driver/Src/stm32f4xx_hal_gpio.c.obj
 .debug_rnglists
                0x0000031c       0x75 CMakeFiles/CLion_STM32_led.elf.dir/Drivers/STM32F4xx_HAL_Driver/Src/stm32f4xx_hal_rcc.c.obj
 .debug_rnglists
                0x00000391      0x1a1 CMakeFiles/CLion_STM32_led.elf.dir/Drivers/STM32F4xx_HAL_Driver/Src/stm32f4xx_hal_uart.c.obj

.debug_line     0x00000000     0x701e
 .debug_line    0x00000000      0x251 CMakeFiles/CLion_STM32_led.elf.dir/Core/Src/gpio.c.obj
 .debug_line    0x00000251      0x49e CMakeFiles/CLion_STM32_led.elf.dir/Core/Src/main.c.obj
 .debug_line    0x000006ef      0x1cf CMakeFiles/CLion_STM32_led.elf.dir/Core/Src/stm32f4xx_hal_msp.c.obj
 .debug_line    0x000008be      0x18b CMakeFiles/CLion_STM32_led.elf.dir/Core/Src/stm32f4xx_it.c.obj
 .debug_line    0x00000a49      0x429 CMakeFiles/CLion_STM32_led.elf.dir/Core/Src/syscalls.c.obj
 .debug_line    0x00000e72      0x226 CMakeFiles/CLion_STM32_led.elf.dir/Core/Src/sysmem.c.obj
 .debug_line    0x00001098      0x296 CMakeFiles/CLion_STM32_led.elf.dir/Core/Src/system_stm32f4xx.c.obj
 .debug_line    0x0000132e      0x3e5 CMakeFiles/CLion_STM32_led.elf.dir/Core/Src/usart.c.obj
 .debug_line    0x00001713       0x7a CMakeFiles/CLion_STM32_led.elf.dir/Core/Startup/startup_stm32f407vetx.s.obj
 .debug_line    0x0000178d      0x62d CMakeFiles/CLion_STM32_led.elf.dir/Drivers/STM32F4xx_HAL_Driver/Src/stm32f4xx_hal.c.obj
 .debug_line    0x00001dba      0x8f0 CMakeFiles/CLion_STM32_led.elf.dir/Drivers/STM32F4xx_HAL_Driver/Src/stm32f4xx_hal_cortex.c.obj
 .debug_line    0x000026aa      0x794 CMakeFiles/CLion_STM32_led.elf.dir/Drivers/STM32F4xx_HAL_Driver/Src/stm32f4xx_hal_gpio.c.obj
 .debug_line    0x00002e3e      0xc5d CMakeFiles/CLion_STM32_led.elf.dir/Drivers/STM32F4xx_HAL_Driver/Src/stm32f4xx_hal_rcc.c.obj
 .debug_line    0x00003a9b     0x3583 CMakeFiles/CLion_STM32_led.elf.dir/Drivers/STM32F4xx_HAL_Driver/Src/stm32f4xx_hal_uart.c.obj

.debug_str      0x00000000     0x264c
 .debug_str     0x00000000     0x264c CMakeFiles/CLion_STM32_led.elf.dir/Core/Src/gpio.c.obj
                                0x3b6 (size before relaxing)
 .debug_str     0x0000264c      0x54d CMakeFiles/CLion_STM32_led.elf.dir/Core/Src/main.c.obj
 .debug_str     0x0000264c      0x2f7 CMakeFiles/CLion_STM32_led.elf.dir/Core/Src/stm32f4xx_hal_msp.c.obj
 .debug_str     0x0000264c      0x26b CMakeFiles/CLion_STM32_led.elf.dir/Core/Src/stm32f4xx_it.c.obj
 .debug_str     0x0000264c      0x435 CMakeFiles/CLion_STM32_led.elf.dir/Core/Src/syscalls.c.obj
 .debug_str     0x0000264c      0x261 CMakeFiles/CLion_STM32_led.elf.dir/Core/Src/sysmem.c.obj
 .debug_str     0x0000264c      0x35d CMakeFiles/CLion_STM32_led.elf.dir/Core/Src/system_stm32f4xx.c.obj
 .debug_str     0x0000264c      0x88b CMakeFiles/CLion_STM32_led.elf.dir/Core/Src/usart.c.obj
 .debug_str     0x0000264c       0xad CMakeFiles/CLion_STM32_led.elf.dir/Core/Startup/startup_stm32f407vetx.s.obj
 .debug_str     0x0000264c      0xba0 CMakeFiles/CLion_STM32_led.elf.dir/Drivers/STM32F4xx_HAL_Driver/Src/stm32f4xx_hal.c.obj
 .debug_str     0x0000264c      0xcb1 CMakeFiles/CLion_STM32_led.elf.dir/Drivers/STM32F4xx_HAL_Driver/Src/stm32f4xx_hal_cortex.c.obj
 .debug_str     0x0000264c      0x51c CMakeFiles/CLion_STM32_led.elf.dir/Drivers/STM32F4xx_HAL_Driver/Src/stm32f4xx_hal_gpio.c.obj
 .debug_str     0x0000264c      0x742 CMakeFiles/CLion_STM32_led.elf.dir/Drivers/STM32F4xx_HAL_Driver/Src/stm32f4xx_hal_rcc.c.obj
 .debug_str     0x0000264c      0xdd7 CMakeFiles/CLion_STM32_led.elf.dir/Drivers/STM32F4xx_HAL_Driver/Src/stm32f4xx_hal_uart.c.obj

.comment        0x00000000       0x45
 .comment       0x00000000       0x45 CMakeFiles/CLion_STM32_led.elf.dir/Core/Src/gpio.c.obj
                                 0x46 (size before relaxing)
 .comment       0x00000045       0x46 CMakeFiles/CLion_STM32_led.elf.dir/Core/Src/main.c.obj
 .comment       0x00000045       0x46 CMakeFiles/CLion_STM32_led.elf.dir/Core/Src/stm32f4xx_hal_msp.c.obj
 .comment       0x00000045       0x46 CMakeFiles/CLion_STM32_led.elf.dir/Core/Src/stm32f4xx_it.c.obj
 .comment       0x00000045       0x46 CMakeFiles/CLion_STM32_led.elf.dir/Core/Src/syscalls.c.obj
 .comment       0x00000045       0x46 CMakeFiles/CLion_STM32_led.elf.dir/Core/Src/sysmem.c.obj
 .comment       0x00000045       0x46 CMakeFiles/CLion_STM32_led.elf.dir/Core/Src/system_stm32f4xx.c.obj
 .comment       0x00000045       0x46 CMakeFiles/CLion_STM32_led.elf.dir/Core/Src/usart.c.obj
 .comment       0x00000045       0x46 CMakeFiles/CLion_STM32_led.elf.dir/Drivers/STM32F4xx_HAL_Driver/Src/stm32f4xx_hal.c.obj
 .comment       0x00000045       0x46 CMakeFiles/CLion_STM32_led.elf.dir/Drivers/STM32F4xx_HAL_Driver/Src/stm32f4xx_hal_cortex.c.obj
 .comment       0x00000045       0x46 CMakeFiles/CLion_STM32_led.elf.dir/Drivers/STM32F4xx_HAL_Driver/Src/stm32f4xx_hal_gpio.c.obj
 .comment       0x00000045       0x46 CMakeFiles/CLion_STM32_led.elf.dir/Drivers/STM32F4xx_HAL_Driver/Src/stm32f4xx_hal_rcc.c.obj
 .comment       0x00000045       0x46 CMakeFiles/CLion_STM32_led.elf.dir/Drivers/STM32F4xx_HAL_Driver/Src/stm32f4xx_hal_uart.c.obj

.debug_frame    0x00000000     0x267c
 .debug_frame   0x00000000       0x30 CMakeFiles/CLion_STM32_led.elf.dir/Core/Src/gpio.c.obj
 .debug_frame   0x00000030       0x58 CMakeFiles/CLion_STM32_led.elf.dir/Core/Src/main.c.obj
 .debug_frame   0x00000088       0x28 CMakeFiles/CLion_STM32_led.elf.dir/Core/Src/stm32f4xx_hal_msp.c.obj
 .debug_frame   0x000000b0       0xa8 CMakeFiles/CLion_STM32_led.elf.dir/Core/Src/stm32f4xx_it.c.obj
 .debug_frame   0x00000158      0x190 CMakeFiles/CLion_STM32_led.elf.dir/Core/Src/syscalls.c.obj
 .debug_frame   0x000002e8       0x28 CMakeFiles/CLion_STM32_led.elf.dir/Core/Src/sysmem.c.obj
 .debug_frame   0x00000310       0x30 CMakeFiles/CLion_STM32_led.elf.dir/Core/Src/system_stm32f4xx.c.obj
 .debug_frame   0x00000340       0x70 CMakeFiles/CLion_STM32_led.elf.dir/Core/Src/usart.c.obj
 .debug_frame   0x000003b0      0x1ec CMakeFiles/CLion_STM32_led.elf.dir/Drivers/STM32F4xx_HAL_Driver/Src/stm32f4xx_hal.c.obj
 .debug_frame   0x0000059c      0x214 CMakeFiles/CLion_STM32_led.elf.dir/Drivers/STM32F4xx_HAL_Driver/Src/stm32f4xx_hal_cortex.c.obj
 .debug_frame   0x000007b0       0xd4 CMakeFiles/CLion_STM32_led.elf.dir/Drivers/STM32F4xx_HAL_Driver/Src/stm32f4xx_hal_gpio.c.obj
 .debug_frame   0x00000884      0x16c CMakeFiles/CLion_STM32_led.elf.dir/Drivers/STM32F4xx_HAL_Driver/Src/stm32f4xx_hal_rcc.c.obj
 .debug_frame   0x000009f0      0x5dc CMakeFiles/CLion_STM32_led.elf.dir/Drivers/STM32F4xx_HAL_Driver/Src/stm32f4xx_hal_uart.c.obj
 .debug_frame   0x00000fcc       0x2c E:/Toolchain/arm-gnu-toolchain-13.3.rel1-mingw-w64-i686-arm-none-eabi/bin/../lib/gcc/arm-none-eabi/13.3.1/thumb/v7e-m/nofp\libgcc.a(_aeabi_uldivmod.o)
 .debug_frame   0x00000ff8       0x34 E:/Toolchain/arm-gnu-toolchain-13.3.rel1-mingw-w64-i686-arm-none-eabi/bin/../lib/gcc/arm-none-eabi/13.3.1/thumb/v7e-m/nofp\libgcc.a(_udivmoddi4.o)
 .debug_frame   0x0000102c      0x13c E:/Toolchain/arm-gnu-toolchain-13.3.rel1-mingw-w64-i686-arm-none-eabi/bin/../lib/gcc/arm-none-eabi/13.3.1/thumb/v7e-m/nofp\libg.a(libc_a-findfp.o)
 .debug_frame   0x00001168       0x34 E:/Toolchain/arm-gnu-toolchain-13.3.rel1-mingw-w64-i686-arm-none-eabi/bin/../lib/gcc/arm-none-eabi/13.3.1/thumb/v7e-m/nofp\libg.a(libc_a-fwalk.o)
 .debug_frame   0x0000119c       0x74 E:/Toolchain/arm-gnu-toolchain-13.3.rel1-mingw-w64-i686-arm-none-eabi/bin/../lib/gcc/arm-none-eabi/13.3.1/thumb/v7e-m/nofp\libg.a(libc_a-printf.o)
 .debug_frame   0x00001210       0x8c E:/Toolchain/arm-gnu-toolchain-13.3.rel1-mingw-w64-i686-arm-none-eabi/bin/../lib/gcc/arm-none-eabi/13.3.1/thumb/v7e-m/nofp\libg.a(libc_a-stdio.o)
 .debug_frame   0x0000129c       0x2c E:/Toolchain/arm-gnu-toolchain-13.3.rel1-mingw-w64-i686-arm-none-eabi/bin/../lib/gcc/arm-none-eabi/13.3.1/thumb/v7e-m/nofp\libg.a(libc_a-memset.o)
 .debug_frame   0x000012c8       0x2c E:/Toolchain/arm-gnu-toolchain-13.3.rel1-mingw-w64-i686-arm-none-eabi/bin/../lib/gcc/arm-none-eabi/13.3.1/thumb/v7e-m/nofp\libg.a(libc_a-closer.o)
 .debug_frame   0x000012f4       0x3c E:/Toolchain/arm-gnu-toolchain-13.3.rel1-mingw-w64-i686-arm-none-eabi/bin/../lib/gcc/arm-none-eabi/13.3.1/thumb/v7e-m/nofp\libg.a(libc_a-reent.o)
 .debug_frame   0x00001330       0x2c E:/Toolchain/arm-gnu-toolchain-13.3.rel1-mingw-w64-i686-arm-none-eabi/bin/../lib/gcc/arm-none-eabi/13.3.1/thumb/v7e-m/nofp\libg.a(libc_a-lseekr.o)
 .debug_frame   0x0000135c       0x2c E:/Toolchain/arm-gnu-toolchain-13.3.rel1-mingw-w64-i686-arm-none-eabi/bin/../lib/gcc/arm-none-eabi/13.3.1/thumb/v7e-m/nofp\libg.a(libc_a-readr.o)
 .debug_frame   0x00001388       0x2c E:/Toolchain/arm-gnu-toolchain-13.3.rel1-mingw-w64-i686-arm-none-eabi/bin/../lib/gcc/arm-none-eabi/13.3.1/thumb/v7e-m/nofp\libg.a(libc_a-writer.o)
 .debug_frame   0x000013b4       0x20 E:/Toolchain/arm-gnu-toolchain-13.3.rel1-mingw-w64-i686-arm-none-eabi/bin/../lib/gcc/arm-none-eabi/13.3.1/thumb/v7e-m/nofp\libg.a(libc_a-errno.o)
 .debug_frame   0x000013d4       0x2c E:/Toolchain/arm-gnu-toolchain-13.3.rel1-mingw-w64-i686-arm-none-eabi/bin/../lib/gcc/arm-none-eabi/13.3.1/thumb/v7e-m/nofp\libg.a(libc_a-init.o)
 .debug_frame   0x00001400       0xb0 E:/Toolchain/arm-gnu-toolchain-13.3.rel1-mingw-w64-i686-arm-none-eabi/bin/../lib/gcc/arm-none-eabi/13.3.1/thumb/v7e-m/nofp\libg.a(libc_a-lock.o)
 .debug_frame   0x000014b0       0x5c E:/Toolchain/arm-gnu-toolchain-13.3.rel1-mingw-w64-i686-arm-none-eabi/bin/../lib/gcc/arm-none-eabi/13.3.1/thumb/v7e-m/nofp\libg.a(libc_a-__call_atexit.o)
 .debug_frame   0x0000150c       0x20 E:/Toolchain/arm-gnu-toolchain-13.3.rel1-mingw-w64-i686-arm-none-eabi/bin/../lib/gcc/arm-none-eabi/13.3.1/thumb/v7e-m/nofp\libg.a(libc_a-atexit.o)